Archive member included to satisfy reference by file (symbol)

/usr/local/Cellar/arm-none-eabi-gcc/10.3-2021.07/gcc/bin/../lib/gcc/arm-none-eabi/10.3.1/../../../../arm-none-eabi/lib/thumb/v7e-m+fp/hard/libc.a(lib_a-ctype_.o)
                              _build/nrf_log_str_formatter.o (_ctype_)
/usr/local/Cellar/arm-none-eabi-gcc/10.3-2021.07/gcc/bin/../lib/gcc/arm-none-eabi/10.3.1/../../../../arm-none-eabi/lib/thumb/v7e-m+fp/hard/libc.a(lib_a-exit.o)
                              /usr/local/Cellar/arm-none-eabi-gcc/10.3-2021.07/gcc/bin/../lib/gcc/arm-none-eabi/10.3.1/../../../../arm-none-eabi/lib/thumb/v7e-m+fp/hard/crt0.o (exit)
/usr/local/Cellar/arm-none-eabi-gcc/10.3-2021.07/gcc/bin/../lib/gcc/arm-none-eabi/10.3.1/../../../../arm-none-eabi/lib/thumb/v7e-m+fp/hard/libc.a(lib_a-impure.o)
                              /usr/local/Cellar/arm-none-eabi-gcc/10.3-2021.07/gcc/bin/../lib/gcc/arm-none-eabi/10.3.1/../../../../arm-none-eabi/lib/thumb/v7e-m+fp/hard/libc.a(lib_a-exit.o) (_global_impure_ptr)
/usr/local/Cellar/arm-none-eabi-gcc/10.3-2021.07/gcc/bin/../lib/gcc/arm-none-eabi/10.3.1/../../../../arm-none-eabi/lib/thumb/v7e-m+fp/hard/libc.a(lib_a-init.o)
                              /usr/local/Cellar/arm-none-eabi-gcc/10.3-2021.07/gcc/bin/../lib/gcc/arm-none-eabi/10.3.1/../../../../arm-none-eabi/lib/thumb/v7e-m+fp/hard/crt0.o (__libc_init_array)
/usr/local/Cellar/arm-none-eabi-gcc/10.3-2021.07/gcc/bin/../lib/gcc/arm-none-eabi/10.3.1/../../../../arm-none-eabi/lib/thumb/v7e-m+fp/hard/libc.a(lib_a-memcmp.o)
                              _build/nrf_twi_mngr.o (memcmp)
/usr/local/Cellar/arm-none-eabi-gcc/10.3-2021.07/gcc/bin/../lib/gcc/arm-none-eabi/10.3.1/../../../../arm-none-eabi/lib/thumb/v7e-m+fp/hard/libc.a(lib_a-memcpy.o)
                              _build/app_scheduler.o (memcpy)
/usr/local/Cellar/arm-none-eabi-gcc/10.3-2021.07/gcc/bin/../lib/gcc/arm-none-eabi/10.3.1/../../../../arm-none-eabi/lib/thumb/v7e-m+fp/hard/libc.a(lib_a-memset.o)
                              /usr/local/Cellar/arm-none-eabi-gcc/10.3-2021.07/gcc/bin/../lib/gcc/arm-none-eabi/10.3.1/../../../../arm-none-eabi/lib/thumb/v7e-m+fp/hard/crt0.o (memset)
/usr/local/Cellar/arm-none-eabi-gcc/10.3-2021.07/gcc/bin/../lib/gcc/arm-none-eabi/10.3.1/../../../../arm-none-eabi/lib/thumb/v7e-m+fp/hard/libc.a(lib_a-printf.o)
                              _build/main.o (printf)
/usr/local/Cellar/arm-none-eabi-gcc/10.3-2021.07/gcc/bin/../lib/gcc/arm-none-eabi/10.3.1/../../../../arm-none-eabi/lib/thumb/v7e-m+fp/hard/libc.a(lib_a-setbuf.o)
                              _build/microbit_before_startup.o (setbuf)
/usr/local/Cellar/arm-none-eabi-gcc/10.3-2021.07/gcc/bin/../lib/gcc/arm-none-eabi/10.3.1/../../../../arm-none-eabi/lib/thumb/v7e-m+fp/hard/libc.a(lib_a-setvbuf.o)
                              /usr/local/Cellar/arm-none-eabi-gcc/10.3-2021.07/gcc/bin/../lib/gcc/arm-none-eabi/10.3.1/../../../../arm-none-eabi/lib/thumb/v7e-m+fp/hard/libc.a(lib_a-setbuf.o) (setvbuf)
/usr/local/Cellar/arm-none-eabi-gcc/10.3-2021.07/gcc/bin/../lib/gcc/arm-none-eabi/10.3.1/../../../../arm-none-eabi/lib/thumb/v7e-m+fp/hard/libc.a(lib_a-strlen.o)
                              _build/main.o (strlen)
/usr/local/Cellar/arm-none-eabi-gcc/10.3-2021.07/gcc/bin/../lib/gcc/arm-none-eabi/10.3.1/../../../../arm-none-eabi/lib/thumb/v7e-m+fp/hard/libc.a(lib_a-vfprintf.o)
                              /usr/local/Cellar/arm-none-eabi-gcc/10.3-2021.07/gcc/bin/../lib/gcc/arm-none-eabi/10.3.1/../../../../arm-none-eabi/lib/thumb/v7e-m+fp/hard/libc.a(lib_a-printf.o) (_vfprintf_r)
/usr/local/Cellar/arm-none-eabi-gcc/10.3-2021.07/gcc/bin/../lib/gcc/arm-none-eabi/10.3.1/../../../../arm-none-eabi/lib/thumb/v7e-m+fp/hard/libc.a(lib_a-wsetup.o)
                              /usr/local/Cellar/arm-none-eabi-gcc/10.3-2021.07/gcc/bin/../lib/gcc/arm-none-eabi/10.3.1/../../../../arm-none-eabi/lib/thumb/v7e-m+fp/hard/libc.a(lib_a-vfprintf.o) (__swsetup_r)
/usr/local/Cellar/arm-none-eabi-gcc/10.3-2021.07/gcc/bin/../lib/gcc/arm-none-eabi/10.3.1/../../../../arm-none-eabi/lib/thumb/v7e-m+fp/hard/libc.a(lib_a-__call_atexit.o)
                              /usr/local/Cellar/arm-none-eabi-gcc/10.3-2021.07/gcc/bin/../lib/gcc/arm-none-eabi/10.3.1/../../../../arm-none-eabi/lib/thumb/v7e-m+fp/hard/libc.a(lib_a-exit.o) (__call_exitprocs)
/usr/local/Cellar/arm-none-eabi-gcc/10.3-2021.07/gcc/bin/../lib/gcc/arm-none-eabi/10.3.1/../../../../arm-none-eabi/lib/thumb/v7e-m+fp/hard/libc.a(lib_a-atexit.o)
                              /usr/local/Cellar/arm-none-eabi-gcc/10.3-2021.07/gcc/bin/../lib/gcc/arm-none-eabi/10.3.1/../../../../arm-none-eabi/lib/thumb/v7e-m+fp/hard/libc.a(lib_a-__call_atexit.o) (atexit)
/usr/local/Cellar/arm-none-eabi-gcc/10.3-2021.07/gcc/bin/../lib/gcc/arm-none-eabi/10.3.1/../../../../arm-none-eabi/lib/thumb/v7e-m+fp/hard/libc.a(lib_a-dtoa.o)
[...]
Memory Configuration

Name             Origin             Length             Attributes
FLASH            0x0000000000000000 0x0000000000080000 xr
RAM              0x0000000020000000 0x0000000000020000 xrw
*default*        0x0000000000000000 0xffffffffffffffff

Linker script and memory map

                0x000000000007f000                __stop_ot_flash_data = ((ORIGIN (FLASH) + LENGTH (FLASH)) - FLASH_PAGE_SIZE)
                0x000000000007b000                __start_ot_flash_data = (__stop_ot_flash_data - (FLASH_PAGE_SIZE * FLASH_DATA_PAGES_USED))
                0x0000000000000001                ASSERT ((__start_ot_flash_data >= (__etext + SIZEOF (.data))), Error: Code overlaps flash data area.)

.text           0x0000000000000000     0xc038
 *(.isr_vector)
 .isr_vector    0x0000000000000000      0x200 _build/gcc_startup_nrf52833.os
                0x0000000000000000                __isr_vector
 *(.text*)
 .text          0x0000000000000200       0x40 /usr/local/Cellar/arm-none-eabi-gcc/10.3-2021.07/gcc/bin/../lib/gcc/arm-none-eabi/10.3.1/thumb/v7e-m+fp/hard/crtbegin.o
 .text          0x0000000000000240       0x7c /usr/local/Cellar/arm-none-eabi-gcc/10.3-2021.07/gcc/bin/../lib/gcc/arm-none-eabi/10.3.1/../../../../arm-none-eabi/lib/thumb/v7e-m+fp/hard/crt0.o
                0x0000000000000240                _stack_init
                0x0000000000000248                _mainCRTStartup
                0x0000000000000248                _start
 .text.nrf_delay_ms.part.0
                0x00000000000002bc       0x1c _build/main.o
 .text.uart_error_handle
                0x00000000000002d8       0x3c _build/main.o
                0x00000000000002d8                uart_error_handle
 .text.uart_init
                0x0000000000000314       0x48 _build/main.o
                0x0000000000000314                uart_init
 .text.uart_getstring
                0x000000000000035c       0x5c _build/main.o
                0x000000000000035c                uart_getstring
 .text.startup.main
                0x00000000000003b8       0x74 _build/main.o
                0x00000000000003b8                main
 .text.nrf_gpio_pin_port_decode
                0x000000000000042c       0x30 _build/better_error_handling.o
 .text.nrf_gpio_pin_clear
                0x000000000000045c       0x1a _build/better_error_handling.o
 .text.nrf_gpio_pin_set
                0x0000000000000476       0x1a _build/better_error_handling.o
 .text.nrf_delay_ms.part.0
                0x0000000000000490       0x1c _build/better_error_handling.o
 .text.error_blink_pattern
                0x00000000000004ac      0x104 _build/better_error_handling.o
 .text.app_error_fault_handler
                0x00000000000005b0       0x74 _build/better_error_handling.o
                0x00000000000005b0                app_error_fault_handler
 .text.HardFault_process
                0x0000000000000624        0x6 _build/better_error_handling.o
                0x0000000000000624                HardFault_process
 *fill*         0x000000000000062a        0x2 
 .text.startup.called_first
                0x000000000000062c       0x48 _build/microbit_before_startup.o
                0x000000000000062c                called_first
 .text.nrf_log_backend_uart_flush
                0x0000000000000674        0x2 _build/microbit_nrf_log_backend_uart.o
 *fill*         0x0000000000000676        0x2 
 .text.nrf_log_backend_uart_put
                0x0000000000000678       0x1c _build/microbit_nrf_log_backend_uart.o
 .text.uart_init.constprop.0
                0x0000000000000694       0x54 _build/microbit_nrf_log_backend_uart.o
 .text.serial_tx
                0x00000000000006e8       0x50 _build/microbit_nrf_log_backend_uart.o
 .text.nrf_log_backend_uart_panic_set
                0x0000000000000738       0x2c _build/microbit_nrf_log_backend_uart.o
 .text.nrf_log_backend_uart_init
                0x0000000000000764        0x4 _build/microbit_nrf_log_backend_uart.o
                0x0000000000000764                nrf_log_backend_uart_init
 .text._write   0x0000000000000768       0x2c _build/microbit_retarget.o
                0x0000000000000768                _write
 .text._read    0x0000000000000794       0x30 _build/microbit_retarget.o
                0x0000000000000794                _read
 .text.app_error_handler
                0x00000000000007c4       0x1a _build/app_error_handler_gcc.o
                0x00000000000007c4                app_error_handler
 *fill*         0x00000000000007de        0x2 
 .text.nrfx_coredep_delay_us.part.0.constprop.0
                0x00000000000007e0       0x10 _build/app_timer.o
 .text.RTC1_IRQHandler
                0x00000000000007f0       0x9c _build/app_timer.o
                0x00000000000007f0                RTC1_IRQHandler
 .text.SWI0_EGU0_IRQHandler
                0x000000000000088c      0x2b8 _build/app_timer.o
                0x000000000000088c                SWI0_EGU0_IRQHandler
 .text.app_util_disable_irq
                0x0000000000000b44       0x10 _build/app_util_platform.o
                0x0000000000000b44                app_util_disable_irq
 .text.app_util_enable_irq
                0x0000000000000b54       0x14 _build/app_util_platform.o
                0x0000000000000b54                app_util_enable_irq
 .text.privilege_level_get
                0x0000000000000b68       0x1a _build/app_util_platform.o
                0x0000000000000b68                privilege_level_get
 *fill*         0x0000000000000b82        0x2 
 .text.app_util_critical_region_enter
                0x0000000000000b84       0x20 _build/app_util_platform.o
                0x0000000000000b84                app_util_critical_region_enter
 .text.app_util_critical_region_exit
                0x0000000000000ba4       0x20 _build/app_util_platform.o
                0x0000000000000ba4                app_util_critical_region_exit
 .text.HardFault_Handler
                0x0000000000000bc4       0x34 _build/hardfault_handler_gcc.o
                0x0000000000000bc4                HardFault_Handler
 .text.HardFault_c_handler
                0x0000000000000bf8      0x104 _build/hardfault_implementation.o
                0x0000000000000bf8                HardFault_c_handler
 .text.assert_nrf_callback
                0x0000000000000cfc       0x1a _build/nrf_assert.o
                0x0000000000000cfc                assert_nrf_callback
 .text.nrf_atomic_u32_fetch_store
                0x0000000000000d16       0x16 _build/nrf_atomic.o
                0x0000000000000d16                nrf_atomic_u32_fetch_store
 .text.nrf_atomic_u32_or
                0x0000000000000d2c       0x18 _build/nrf_atomic.o
                0x0000000000000d2c                nrf_atomic_u32_or
 .text.nrf_atomic_u32_fetch_and
                0x0000000000000d44       0x18 _build/nrf_atomic.o
                0x0000000000000d44                nrf_atomic_u32_fetch_and
 .text.nrf_atomic_u32_add
                0x0000000000000d5c       0x18 _build/nrf_atomic.o
                0x0000000000000d5c                nrf_atomic_u32_add
 .text.nrf_atomic_u32_sub
                0x0000000000000d74       0x18 _build/nrf_atomic.o
                0x0000000000000d74                nrf_atomic_u32_sub
 .text.nrf_atomic_flag_set
                0x0000000000000d8c        0x6 _build/nrf_atomic.o
                0x0000000000000d8c                nrf_atomic_flag_set
 .text.nrf_atomic_flag_clear_fetch
                0x0000000000000d92        0x6 _build/nrf_atomic.o
                0x0000000000000d92                nrf_atomic_flag_clear_fetch
 .text.nrf_balloc_init
                0x0000000000000d98       0x7c _build/nrf_balloc.o
                0x0000000000000d98                nrf_balloc_init
 .text.nrf_balloc_alloc
                0x0000000000000e14       0x54 _build/nrf_balloc.o
                0x0000000000000e14                nrf_balloc_alloc
 .text.nrf_balloc_free
                0x0000000000000e68       0x48 _build/nrf_balloc.o
                0x0000000000000e68                nrf_balloc_free
 .text.uarte_evt_handler
                0x0000000000000eb0       0x34 _build/nrf_drv_uart.o
 .text.uart_evt_handler
                0x0000000000000ee4       0x34 _build/nrf_drv_uart.o
 .text.nrf_drv_uart_init
                0x0000000000000f18       0x7c _build/nrf_drv_uart.o
                0x0000000000000f18                nrf_drv_uart_init
 .text.nrf_fprintf_buffer_flush
                0x0000000000000f94       0x24 _build/nrf_fprintf.o
                0x0000000000000f94                nrf_fprintf_buffer_flush
 .text.nrf_fprintf
                0x0000000000000fb8       0x54 _build/nrf_fprintf.o
                0x0000000000000fb8                nrf_fprintf
 .text.buffer_add
                0x000000000000100c       0x1e _build/nrf_fprintf_format.o
 *fill*         0x000000000000102a        0x2 
 .text.unsigned_print
                0x000000000000102c       0xb4 _build/nrf_fprintf_format.o
 .text.nrf_fprintf_fmt
                0x00000000000010e0      0x2d0 _build/nrf_fprintf_format.o
                0x00000000000010e0                nrf_fprintf_fmt
 .text.nrf_log_backend_serial_put
                0x00000000000013b0       0xc2 _build/nrf_log_backend_serial.o
                0x00000000000013b0                nrf_log_backend_serial_put
 *fill*         0x0000000000001472        0x2 
 .text.nrf_log_default_backends_init
                0x0000000000001474       0x30 _build/nrf_log_default_backends.o
                0x0000000000001474                nrf_log_default_backends_init
 .text.invalid_packets_omit
                0x00000000000014a4       0x3a _build/nrf_log_frontend.o
 *fill*         0x00000000000014de        0x2 
 .text.buf_prealloc
                0x00000000000014e0      0x144 _build/nrf_log_frontend.o
 .text.nrf_log_init
                0x0000000000001624       0x3c _build/nrf_log_frontend.o
                0x0000000000001624                nrf_log_init
 .text.nrf_log_module_name_get
                0x0000000000001660       0x38 _build/nrf_log_frontend.o
                0x0000000000001660                nrf_log_module_name_get
 .text.nrf_log_color_id_get
                0x0000000000001698       0x2c _build/nrf_log_frontend.o
                0x0000000000001698                nrf_log_color_id_get
 .text.buffer_is_empty
                0x00000000000016c4       0x14 _build/nrf_log_frontend.o
                0x00000000000016c4                buffer_is_empty
 .text.nrf_log_frontend_dequeue
                0x00000000000016d8      0x224 _build/nrf_log_frontend.o
                0x00000000000016d8                nrf_log_frontend_dequeue
 .text.std_n    0x00000000000018fc       0xb8 _build/nrf_log_frontend.o
 .text.nrf_log_frontend_std_0
                0x00000000000019b4        0x8 _build/nrf_log_frontend.o
                0x00000000000019b4                nrf_log_frontend_std_0
 .text.nrf_log_frontend_std_1
                0x00000000000019bc       0x12 _build/nrf_log_frontend.o
                0x00000000000019bc                nrf_log_frontend_std_1
 .text.nrf_log_frontend_std_3
                0x00000000000019ce       0x18 _build/nrf_log_frontend.o
                0x00000000000019ce                nrf_log_frontend_std_3
 .text.nrf_log_frontend_std_4
                0x00000000000019e6       0x1c _build/nrf_log_frontend.o
                0x00000000000019e6                nrf_log_frontend_std_4
 *fill*         0x0000000000001a02        0x2 
 .text.nrf_log_backend_add
                0x0000000000001a04       0x54 _build/nrf_log_frontend.o
                0x0000000000001a04                nrf_log_backend_add
 .text.nrf_log_panic
                0x0000000000001a58       0x28 _build/nrf_log_frontend.o
                0x0000000000001a58                nrf_log_panic
 .text.prefix_process
                0x0000000000001a80       0x7c _build/nrf_log_str_formatter.o
 .text.postfix_process
                0x0000000000001afc       0x44 _build/nrf_log_str_formatter.o
 .text.nrf_log_std_entry_process
                0x0000000000001b40       0xc8 _build/nrf_log_str_formatter.o
                0x0000000000001b40                nrf_log_std_entry_process
 .text.nrf_log_hexdump_entry_process
                0x0000000000001c08       0xc0 _build/nrf_log_str_formatter.o
                0x0000000000001c08                nrf_log_hexdump_entry_process
 .text.memobj_op
                0x0000000000001cc8       0xa8 _build/nrf_memobj.o
 .text.nrf_memobj_pool_init
                0x0000000000001d70        0x4 _build/nrf_memobj.o
                0x0000000000001d70                nrf_memobj_pool_init
 .text.nrf_memobj_free
                0x0000000000001d74       0x2c _build/nrf_memobj.o
                0x0000000000001d74                nrf_memobj_free
 .text.nrf_memobj_alloc
                0x0000000000001da0       0x5e _build/nrf_memobj.o
                0x0000000000001da0                nrf_memobj_alloc
 .text.nrf_memobj_get
                0x0000000000001dfe        0x8 _build/nrf_memobj.o
                0x0000000000001dfe                nrf_memobj_get
 .text.nrf_memobj_put
                0x0000000000001e06       0x1c _build/nrf_memobj.o
                0x0000000000001e06                nrf_memobj_put
 *fill*         0x0000000000001e22        0x2 
 .text.nrf_memobj_write
                0x0000000000001e24       0x28 _build/nrf_memobj.o
                0x0000000000001e24                nrf_memobj_write
 .text.nrf_memobj_read
                0x0000000000001e4c       0x28 _build/nrf_memobj.o
                0x0000000000001e4c                nrf_memobj_read
 .text.nrf_ringbuf_init
                0x0000000000001e74       0x1c _build/nrf_ringbuf.o
                0x0000000000001e74                nrf_ringbuf_init
 .text.nrf_strerror_find
                0x0000000000001e90       0x3c _build/nrf_strerror.o
                0x0000000000001e90                nrf_strerror_find
 .text.nrf_strerror_get
                0x0000000000001ecc       0x14 _build/nrf_strerror.o
                0x0000000000001ecc                nrf_strerror_get
 .text.nrf_gpiote_event_clear
                0x0000000000001ee0       0x18 _build/nrfx_gpiote.o
 .text.nrf_bitmask_bit_set
                0x0000000000001ef8       0x14 _build/nrfx_gpiote.o
 .text.nrf_gpio_pin_port_decode
                0x0000000000001f0c       0x30 _build/nrfx_gpiote.o
 .text.nrf_gpio_cfg_sense_set
                0x0000000000001f3c       0x2e _build/nrfx_gpiote.o
 *fill*         0x0000000000001f6a        0x2 
 .text.nrf_gpio_ports_read.constprop.0
                0x0000000000001f6c       0x18 _build/nrfx_gpiote.o
 .text.GPIOTE_IRQHandler
                0x0000000000001f84      0x19c _build/nrfx_gpiote.o
                0x0000000000001f84                GPIOTE_IRQHandler
 .text.UARTE0_UART0_IRQHandler
                0x0000000000002120       0x20 _build/nrfx_prs.o
                0x0000000000002120                UARTE0_UART0_IRQHandler
 .text.nrfx_prs_acquire
                0x0000000000002140       0x44 _build/nrfx_prs.o
                0x0000000000002140                nrfx_prs_acquire
 .text.nrfx_prs_release
                0x0000000000002184       0x28 _build/nrfx_prs.o
                0x0000000000002184                nrfx_prs_release
 .text.nrf_saadc_event_clear
                0x00000000000021ac       0x18 _build/nrfx_saadc.o
 .text.SAADC_IRQHandler
                0x00000000000021c4      0x154 _build/nrfx_saadc.o
                0x00000000000021c4                SAADC_IRQHandler
 .text.irq_handler.constprop.0
                0x0000000000002318       0x4c _build/nrfx_timer.o
 .text.TIMER0_IRQHandler
                0x0000000000002364       0x10 _build/nrfx_timer.o
                0x0000000000002364                TIMER0_IRQHandler
 .text.TIMER1_IRQHandler
                0x0000000000002374       0x10 _build/nrfx_timer.o
                0x0000000000002374                TIMER1_IRQHandler
 .text.nrf_twim_event_clear
                0x0000000000002384       0x10 _build/nrfx_twim.o
 .text.xfer_completeness_check
                0x0000000000002394       0x6c _build/nrfx_twim.o
 .text.SPIM0_SPIS0_TWIM0_TWIS0_SPI0_TWI0_IRQHandler
                0x0000000000002400      0x154 _build/nrfx_twim.o
                0x0000000000002400                SPIM0_SPIS0_TWIM0_TWIS0_SPI0_TWI0_IRQHandler
 .text.POWER_CLOCK_IRQHandler
                0x0000000000002554       0x5c _build/nrfx_clock.o
                0x0000000000002554                POWER_CLOCK_IRQHandler
 .text.nrf_uart_event_clear
                0x00000000000025b0       0x10 _build/nrfx_uart.o
 .text.tx_byte  0x00000000000025c0       0x1e _build/nrfx_uart.o
 .text.rx_enable
                0x00000000000025de       0x20 _build/nrfx_uart.o
 *fill*         0x00000000000025fe        0x2 
 .text.nrf_gpio_pin_port_decode
                0x0000000000002600       0x30 _build/nrfx_uart.o
 .text.nrf_gpio_cfg_default
                0x0000000000002630       0x1c _build/nrfx_uart.o
 .text.rx_byte  0x000000000000264c       0x2c _build/nrfx_uart.o
 .text.rx_done_event.constprop.0
                0x0000000000002678       0x20 _build/nrfx_uart.o
 .text.nrfx_uart_0_irq_handler
                0x0000000000002698      0x144 _build/nrfx_uart.o
                0x0000000000002698                nrfx_uart_0_irq_handler
 .text.nrfx_uart_init
                0x00000000000027dc      0x1e0 _build/nrfx_uart.o
                0x00000000000027dc                nrfx_uart_init
 .text.nrfx_uart_uninit
                0x00000000000029bc       0xc0 _build/nrfx_uart.o
                0x00000000000029bc                nrfx_uart_uninit
 .text.nrfx_uart_tx_in_progress
                0x0000000000002a7c       0x18 _build/nrfx_uart.o
                0x0000000000002a7c                nrfx_uart_tx_in_progress
 .text.nrfx_uart_tx
                0x0000000000002a94       0xe0 _build/nrfx_uart.o
                0x0000000000002a94                nrfx_uart_tx
 .text.nrfx_uart_rx
                0x0000000000002b74      0x134 _build/nrfx_uart.o
                0x0000000000002b74                nrfx_uart_rx
 .text.nrf_uarte_event_clear
                0x0000000000002ca8       0x10 _build/nrfx_uarte.o
 .text.rx_done_event
                0x0000000000002cb8       0x1a _build/nrfx_uarte.o
 *fill*         0x0000000000002cd2        0x2 
 .text.nrf_gpio_pin_port_decode
                0x0000000000002cd4       0x30 _build/nrfx_uarte.o
 .text.nrf_gpio_cfg_default
                0x0000000000002d04       0x1c _build/nrfx_uarte.o
 .text.uarte_irq_handler
                0x0000000000002d20      0x10a _build/nrfx_uarte.o
 *fill*         0x0000000000002e2a        0x2 
 .text.nrfx_uarte_0_irq_handler
                0x0000000000002e2c       0x10 _build/nrfx_uarte.o
                0x0000000000002e2c                nrfx_uarte_0_irq_handler
 .text.UARTE1_IRQHandler
                0x0000000000002e3c       0x10 _build/nrfx_uarte.o
                0x0000000000002e3c                UARTE1_IRQHandler
 .text.nrfx_uarte_init
                0x0000000000002e4c      0x1fc _build/nrfx_uarte.o
                0x0000000000002e4c                nrfx_uarte_init
 .text.nrfx_uarte_uninit
                0x0000000000003048       0xec _build/nrfx_uarte.o
                0x0000000000003048                nrfx_uarte_uninit
 .text.nrfx_uarte_tx_in_progress
                0x0000000000003134       0x18 _build/nrfx_uarte.o
                0x0000000000003134                nrfx_uarte_tx_in_progress
 .text.nrfx_uarte_tx
                0x000000000000314c       0xf8 _build/nrfx_uarte.o
                0x000000000000314c                nrfx_uarte_tx
 .text.nrfx_uarte_rx
                0x0000000000003244      0x134 _build/nrfx_uarte.o
                0x0000000000003244                nrfx_uarte_rx
 .text.nrfx_uarte_rx_ready
                0x0000000000003378        0xe _build/nrfx_uarte.o
                0x0000000000003378                nrfx_uarte_rx_ready
 .text.nrf_pwm_event_clear
                0x0000000000003386       0x10 _build/nrfx_pwm.o
 *fill*         0x0000000000003396        0x2 
 .text.PWM0_IRQHandler
                0x0000000000003398       0x90 _build/nrfx_pwm.o
                0x0000000000003398                PWM0_IRQHandler
 .text.errata_36
                0x0000000000003428       0x1a _build/system_nrf52833.o
 *fill*         0x0000000000003442        0x2 
 .text.SystemInit
                0x0000000000003444      0x174 _build/system_nrf52833.o
                0x0000000000003444                SystemInit
 .text          0x00000000000035b8       0x3c _build/gcc_startup_nrf52833.os
                0x00000000000035b8                Reset_Handler
                0x00000000000035e0                NMI_Handler
                0x00000000000035e4                MemoryManagement_Handler
                0x00000000000035e6                BusFault_Handler
                0x00000000000035e8                UsageFault_Handler
                0x00000000000035ea                SVC_Handler
                0x00000000000035ec                DebugMon_Handler
                0x00000000000035ee                PendSV_Handler
                0x00000000000035f0                SysTick_Handler
                0x00000000000035f2                PWM3_IRQHandler
                0x00000000000035f2                FPU_IRQHandler
                0x00000000000035f2                USBD_IRQHandler
                0x00000000000035f2                TIMER4_IRQHandler
                0x00000000000035f2                I2S_IRQHandler
                0x00000000000035f2                SWI4_EGU4_IRQHandler
                0x00000000000035f2                SPIM3_IRQHandler
                0x00000000000035f2                PWM2_IRQHandler
                0x00000000000035f2                ECB_IRQHandler
                0x00000000000035f2                SPIM1_SPIS1_TWIM1_TWIS1_SPI1_TWI1_IRQHandler
                0x00000000000035f2                Default_Handler
                0x00000000000035f2                CCM_AAR_IRQHandler
                0x00000000000035f2                WDT_IRQHandler
                0x00000000000035f2                SWI5_EGU5_IRQHandler
                0x00000000000035f2                RNG_IRQHandler
                0x00000000000035f2                RTC2_IRQHandler
                0x00000000000035f2                SWI3_EGU3_IRQHandler
                0x00000000000035f2                SWI1_EGU1_IRQHandler
                0x00000000000035f2                SPIM2_SPIS2_SPI2_IRQHandler
                0x00000000000035f2                NFCT_IRQHandler
                0x00000000000035f2                MWU_IRQHandler
                0x00000000000035f2                TIMER2_IRQHandler
                0x00000000000035f2                COMP_LPCOMP_IRQHandler
                0x00000000000035f2                RTC0_IRQHandler
                0x00000000000035f2                SWI2_EGU2_IRQHandler
                0x00000000000035f2                PWM1_IRQHandler
                0x00000000000035f2                RADIO_IRQHandler
                0x00000000000035f2                PDM_IRQHandler
                0x00000000000035f2                TEMP_IRQHandler
                0x00000000000035f2                QDEC_IRQHandler
                0x00000000000035f2                TIMER3_IRQHandler
 .text.exit     0x00000000000035f4       0x20 /usr/local/Cellar/arm-none-eabi-gcc/10.3-2021.07/gcc/bin/../lib/gcc/arm-none-eabi/10.3.1/../../../../arm-none-eabi/lib/thumb/v7e-m+fp/hard/libc.a(lib_a-exit.o)
                0x00000000000035f4                exit
 .text.__libc_init_array
                0x0000000000003614       0x48 /usr/local/Cellar/arm-none-eabi-gcc/10.3-2021.07/gcc/bin/../lib/gcc/arm-none-eabi/10.3.1/../../../../arm-none-eabi/lib/thumb/v7e-m+fp/hard/libc.a(lib_a-init.o)
                0x0000000000003614                __libc_init_array
 .text          0x000000000000365c      0x134 /usr/local/Cellar/arm-none-eabi-gcc/10.3-2021.07/gcc/bin/../lib/gcc/arm-none-eabi/10.3.1/../../../../arm-none-eabi/lib/thumb/v7e-m+fp/hard/libc.a(lib_a-memcpy.o)
                0x000000000000365c                memcpy
 .text.memset   0x0000000000003790       0xa4 /usr/local/Cellar/arm-none-eabi-gcc/10.3-2021.07/gcc/bin/../lib/gcc/arm-none-eabi/10.3.1/../../../../arm-none-eabi/lib/thumb/v7e-m+fp/hard/libc.a(lib_a-memset.o)
                0x0000000000003790                memset
 .text.printf   0x0000000000003834       0x28 /usr/local/Cellar/arm-none-eabi-gcc/10.3-2021.07/gcc/bin/../lib/gcc/arm-none-eabi/10.3.1/../../../../arm-none-eabi/lib/thumb/v7e-m+fp/hard/libc.a(lib_a-printf.o)
                0x0000000000003834                printf
 .text.setbuf   0x000000000000385c       0x10 /usr/local/Cellar/arm-none-eabi-gcc/10.3-2021.07/gcc/bin/../lib/gcc/arm-none-eabi/10.3.1/../../../../arm-none-eabi/lib/thumb/v7e-m+fp/hard/libc.a(lib_a-setbuf.o)
                0x000000000000385c                setbuf
 .text.setvbuf  0x000000000000386c      0x1b0 /usr/local/Cellar/arm-none-eabi-gcc/10.3-2021.07/gcc/bin/../lib/gcc/arm-none-eabi/10.3.1/../../../../arm-none-eabi/lib/thumb/v7e-m+fp/hard/libc.a(lib_a-setvbuf.o)
                0x000000000000386c                setvbuf
 *fill*         0x0000000000003a1c       0x24 
 .text          0x0000000000003a40       0xdc /usr/local/Cellar/arm-none-eabi-gcc/10.3-2021.07/gcc/bin/../lib/gcc/arm-none-eabi/10.3.1/../../../../arm-none-eabi/lib/thumb/v7e-m+fp/hard/libc.a(lib_a-strlen.o)
                0x0000000000003a40                strlen
 *fill*         0x0000000000003b1c        0x4 
 .text._vfprintf_r
                0x0000000000003b20     0x1b90 /usr/local/Cellar/arm-none-eabi-gcc/10.3-2021.07/gcc/bin/../lib/gcc/arm-none-eabi/10.3.1/../../../../arm-none-eabi/lib/thumb/v7e-m+fp/hard/libc.a(lib_a-vfprintf.o)
                0x0000000000003b20                _vfprintf_r
 .text.__sbprintf
                0x00000000000056b0       0x80 /usr/local/Cellar/arm-none-eabi-gcc/10.3-2021.07/gcc/bin/../lib/gcc/arm-none-eabi/10.3.1/../../../../arm-none-eabi/lib/thumb/v7e-m+fp/hard/libc.a(lib_a-vfprintf.o)
 .text.__swsetup_r
                0x0000000000005730       0xd4 /usr/local/Cellar/arm-none-eabi-gcc/10.3-2021.07/gcc/bin/../lib/gcc/arm-none-eabi/10.3.1/../../../../arm-none-eabi/lib/thumb/v7e-m+fp/hard/libc.a(lib_a-wsetup.o)
                0x0000000000005730                __swsetup_r
 .text.startup.register_fini
                0x0000000000005804       0x14 /usr/local/Cellar/arm-none-eabi-gcc/10.3-2021.07/gcc/bin/../lib/gcc/arm-none-eabi/10.3.1/../../../../arm-none-eabi/lib/thumb/v7e-m+fp/hard/libc.a(lib_a-__call_atexit.o)
 .text.__call_exitprocs
                0x0000000000005818       0xcc /usr/local/Cellar/arm-none-eabi-gcc/10.3-2021.07/gcc/bin/../lib/gcc/arm-none-eabi/10.3.1/../../../../arm-none-eabi/lib/thumb/v7e-m+fp/hard/libc.a(lib_a-__call_atexit.o)
                0x0000000000005818                __call_exitprocs
 .text.atexit   0x00000000000058e4        0xc /usr/local/Cellar/arm-none-eabi-gcc/10.3-2021.07/gcc/bin/../lib/gcc/arm-none-eabi/10.3.1/../../../../arm-none-eabi/lib/thumb/v7e-m+fp/hard/libc.a(lib_a-atexit.o)
                0x00000000000058e4                atexit
 .text.quorem   0x00000000000058f0      0x128 /usr/local/Cellar/arm-none-eabi-gcc/10.3-2021.07/gcc/bin/../lib/gcc/arm-none-eabi/10.3.1/../../../../arm-none-eabi/lib/thumb/v7e-m+fp/hard/libc.a(lib_a-dtoa.o)
 .text._dtoa_r  0x0000000000005a18      0xf3c /usr/local/Cellar/arm-none-eabi-gcc/10.3-2021.07/gcc/bin/../lib/gcc/arm-none-eabi/10.3.1/../../../../arm-none-eabi/lib/thumb/v7e-m+fp/hard/libc.a(lib_a-dtoa.o)
                0x0000000000005a18                _dtoa_r
 .text.__sflush_r
                0x0000000000006954      0x130 /usr/local/Cellar/arm-none-eabi-gcc/10.3-2021.07/gcc/bin/../lib/gcc/arm-none-eabi/10.3.1/../../../../arm-none-eabi/lib/thumb/v7e-m+fp/hard/libc.a(lib_a-fflush.o)
                0x0000000000006954                __sflush_r
 .text._fflush_r
                0x0000000000006a84       0x5c /usr/local/Cellar/arm-none-eabi-gcc/10.3-2021.07/gcc/bin/../lib/gcc/arm-none-eabi/10.3.1/../../../../arm-none-eabi/lib/thumb/v7e-m+fp/hard/libc.a(lib_a-fflush.o)
                0x0000000000006a84                _fflush_r
 .text._cleanup_r
                0x0000000000006ae0        0xc /usr/local/Cellar/arm-none-eabi-gcc/10.3-2021.07/gcc/bin/../lib/gcc/arm-none-eabi/10.3.1/../../../../arm-none-eabi/lib/thumb/v7e-m+fp/hard/libc.a(lib_a-findfp.o)
                0x0000000000006ae0                _cleanup_r
 .text.__sinit  0x0000000000006aec      0x10c /usr/local/Cellar/arm-none-eabi-gcc/10.3-2021.07/gcc/bin/../lib/gcc/arm-none-eabi/10.3.1/../../../../arm-none-eabi/lib/thumb/v7e-m+fp/hard/libc.a(lib_a-findfp.o)
                0x0000000000006aec                __sinit
 .text.__sfp_lock_acquire
                0x0000000000006bf8        0xc /usr/local/Cellar/arm-none-eabi-gcc/10.3-2021.07/gcc/bin/../lib/gcc/arm-none-eabi/10.3.1/../../../../arm-none-eabi/lib/thumb/v7e-m+fp/hard/libc.a(lib_a-findfp.o)
                0x0000000000006bf8                __sfp_lock_acquire
 .text.__sfp_lock_release
                0x0000000000006c04        0xc /usr/local/Cellar/arm-none-eabi-gcc/10.3-2021.07/gcc/bin/../lib/gcc/arm-none-eabi/10.3.1/../../../../arm-none-eabi/lib/thumb/v7e-m+fp/hard/libc.a(lib_a-findfp.o)
                0x0000000000006c04                __sfp_lock_release
 .text.__libc_fini_array
                0x0000000000006c10       0x2c /usr/local/Cellar/arm-none-eabi-gcc/10.3-2021.07/gcc/bin/../lib/gcc/arm-none-eabi/10.3.1/../../../../arm-none-eabi/lib/thumb/v7e-m+fp/hard/libc.a(lib_a-fini.o)
                0x0000000000006c10                __libc_fini_array
 .text._malloc_trim_r
                0x0000000000006c3c       0xa0 /usr/local/Cellar/arm-none-eabi-gcc/10.3-2021.07/gcc/bin/../lib/gcc/arm-none-eabi/10.3.1/../../../../arm-none-eabi/lib/thumb/v7e-m+fp/hard/libc.a(lib_a-freer.o)
                0x0000000000006c3c                _malloc_trim_r
 .text._free_r  0x0000000000006cdc      0x20c /usr/local/Cellar/arm-none-eabi-gcc/10.3-2021.07/gcc/bin/../lib/gcc/arm-none-eabi/10.3.1/../../../../arm-none-eabi/lib/thumb/v7e-m+fp/hard/libc.a(lib_a-freer.o)
                0x0000000000006cdc                _free_r
 .text._fwalk_reent
                0x0000000000006ee8       0x48 /usr/local/Cellar/arm-none-eabi-gcc/10.3-2021.07/gcc/bin/../lib/gcc/arm-none-eabi/10.3.1/../../../../arm-none-eabi/lib/thumb/v7e-m+fp/hard/libc.a(lib_a-fwalk.o)
                0x0000000000006ee8                _fwalk_reent
 .text._localeconv_r
                0x0000000000006f30        0x8 /usr/local/Cellar/arm-none-eabi-gcc/10.3-2021.07/gcc/bin/../lib/gcc/arm-none-eabi/10.3.1/../../../../arm-none-eabi/lib/thumb/v7e-m+fp/hard/libc.a(lib_a-localeconv.o)
                0x0000000000006f30                _localeconv_r
 .text.__retarget_lock_init_recursive
                0x0000000000006f38        0x4 /usr/local/Cellar/arm-none-eabi-gcc/10.3-2021.07/gcc/bin/../lib/gcc/arm-none-eabi/10.3.1/../../../../arm-none-eabi/lib/thumb/v7e-m+fp/hard/libc.a(lib_a-lock.o)
                0x0000000000006f38                __retarget_lock_init_recursive
 .text.__retarget_lock_close_recursive
                0x0000000000006f3c        0x4 /usr/local/Cellar/arm-none-eabi-gcc/10.3-2021.07/gcc/bin/../lib/gcc/arm-none-eabi/10.3.1/../../../../arm-none-eabi/lib/thumb/v7e-m+fp/hard/libc.a(lib_a-lock.o)
                0x0000000000006f3c                __retarget_lock_close_recursive
 .text.__retarget_lock_acquire_recursive
                0x0000000000006f40        0x4 /usr/local/Cellar/arm-none-eabi-gcc/10.3-2021.07/gcc/bin/../lib/gcc/arm-none-eabi/10.3.1/../../../../arm-none-eabi/lib/thumb/v7e-m+fp/hard/libc.a(lib_a-lock.o)
                0x0000000000006f40                __retarget_lock_acquire_recursive
 .text.__retarget_lock_release_recursive
                0x0000000000006f44        0x4 /usr/local/Cellar/arm-none-eabi-gcc/10.3-2021.07/gcc/bin/../lib/gcc/arm-none-eabi/10.3.1/../../../../arm-none-eabi/lib/thumb/v7e-m+fp/hard/libc.a(lib_a-lock.o)
                0x0000000000006f44                __retarget_lock_release_recursive
 .text.__smakebuf_r
                0x0000000000006f48       0xe0 /usr/local/Cellar/arm-none-eabi-gcc/10.3-2021.07/gcc/bin/../lib/gcc/arm-none-eabi/10.3.1/../../../../arm-none-eabi/lib/thumb/v7e-m+fp/hard/libc.a(lib_a-makebuf.o)
                0x0000000000006f48                __smakebuf_r
 .text.__swhatbuf_r
                0x0000000000007028       0x60 /usr/local/Cellar/arm-none-eabi-gcc/10.3-2021.07/gcc/bin/../lib/gcc/arm-none-eabi/10.3.1/../../../../arm-none-eabi/lib/thumb/v7e-m+fp/hard/libc.a(lib_a-makebuf.o)
                0x0000000000007028                __swhatbuf_r
 .text.malloc   0x0000000000007088       0x10 /usr/local/Cellar/arm-none-eabi-gcc/10.3-2021.07/gcc/bin/../lib/gcc/arm-none-eabi/10.3.1/../../../../arm-none-eabi/lib/thumb/v7e-m+fp/hard/libc.a(lib_a-malloc.o)
                0x0000000000007088                malloc
 .text._malloc_r
                0x0000000000007098      0x560 /usr/local/Cellar/arm-none-eabi-gcc/10.3-2021.07/gcc/bin/../lib/gcc/arm-none-eabi/10.3.1/../../../../arm-none-eabi/lib/thumb/v7e-m+fp/hard/libc.a(lib_a-mallocr.o)
                0x0000000000007098                _malloc_r
 *fill*         0x00000000000075f8        0x8 
 .text          0x0000000000007600       0xa0 /usr/local/Cellar/arm-none-eabi-gcc/10.3-2021.07/gcc/bin/../lib/gcc/arm-none-eabi/10.3.1/../../../../arm-none-eabi/lib/thumb/v7e-m+fp/hard/libc.a(lib_a-memchr.o)
                0x0000000000007600                memchr
 .text.__malloc_lock
                0x00000000000076a0        0xc /usr/local/Cellar/arm-none-eabi-gcc/10.3-2021.07/gcc/bin/../lib/gcc/arm-none-eabi/10.3.1/../../../../arm-none-eabi/lib/thumb/v7e-m+fp/hard/libc.a(lib_a-mlock.o)
                0x00000000000076a0                __malloc_lock
 .text.__malloc_unlock
                0x00000000000076ac        0xc /usr/local/Cellar/arm-none-eabi-gcc/10.3-2021.07/gcc/bin/../lib/gcc/arm-none-eabi/10.3.1/../../../../arm-none-eabi/lib/thumb/v7e-m+fp/hard/libc.a(lib_a-mlock.o)
                0x00000000000076ac                __malloc_unlock
 .text._Balloc  0x00000000000076b8       0x4c /usr/local/Cellar/arm-none-eabi-gcc/10.3-2021.07/gcc/bin/../lib/gcc/arm-none-eabi/10.3.1/../../../../arm-none-eabi/lib/thumb/v7e-m+fp/hard/libc.a(lib_a-mprec.o)
                0x00000000000076b8                _Balloc
 .text._Bfree   0x0000000000007704       0x14 /usr/local/Cellar/arm-none-eabi-gcc/10.3-2021.07/gcc/bin/../lib/gcc/arm-none-eabi/10.3.1/../../../../arm-none-eabi/lib/thumb/v7e-m+fp/hard/libc.a(lib_a-mprec.o)
                0x0000000000007704                _Bfree
 .text.__multadd
                0x0000000000007718       0xa8 /usr/local/Cellar/arm-none-eabi-gcc/10.3-2021.07/gcc/bin/../lib/gcc/arm-none-eabi/10.3.1/../../../../arm-none-eabi/lib/thumb/v7e-m+fp/hard/libc.a(lib_a-mprec.o)
                0x0000000000007718                __multadd
 .text.__hi0bits
                0x00000000000077c0       0x40 /usr/local/Cellar/arm-none-eabi-gcc/10.3-2021.07/gcc/bin/../lib/gcc/arm-none-eabi/10.3.1/../../../../arm-none-eabi/lib/thumb/v7e-m+fp/hard/libc.a(lib_a-mprec.o)
                0x00000000000077c0                __hi0bits
 .text.__lo0bits
                0x0000000000007800       0x60 /usr/local/Cellar/arm-none-eabi-gcc/10.3-2021.07/gcc/bin/../lib/gcc/arm-none-eabi/10.3.1/../../../../arm-none-eabi/lib/thumb/v7e-m+fp/hard/libc.a(lib_a-mprec.o)
                0x0000000000007800                __lo0bits
 .text.__i2b    0x0000000000007860       0x5c /usr/local/Cellar/arm-none-eabi-gcc/10.3-2021.07/gcc/bin/../lib/gcc/arm-none-eabi/10.3.1/../../../../arm-none-eabi/lib/thumb/v7e-m+fp/hard/libc.a(lib_a-mprec.o)
                0x0000000000007860                __i2b
 .text.__multiply
                0x00000000000078bc      0x15c /usr/local/Cellar/arm-none-eabi-gcc/10.3-2021.07/gcc/bin/../lib/gcc/arm-none-eabi/10.3.1/../../../../arm-none-eabi/lib/thumb/v7e-m+fp/hard/libc.a(lib_a-mprec.o)
                0x00000000000078bc                __multiply
 .text.__pow5mult
                0x0000000000007a18       0xc0 /usr/local/Cellar/arm-none-eabi-gcc/10.3-2021.07/gcc/bin/../lib/gcc/arm-none-eabi/10.3.1/../../../../arm-none-eabi/lib/thumb/v7e-m+fp/hard/libc.a(lib_a-mprec.o)
                0x0000000000007a18                __pow5mult
 .text.__lshift
                0x0000000000007ad8       0xf0 /usr/local/Cellar/arm-none-eabi-gcc/10.3-2021.07/gcc/bin/../lib/gcc/arm-none-eabi/10.3.1/../../../../arm-none-eabi/lib/thumb/v7e-m+fp/hard/libc.a(lib_a-mprec.o)
                0x0000000000007ad8                __lshift
 .text.__mcmp   0x0000000000007bc8       0x44 /usr/local/Cellar/arm-none-eabi-gcc/10.3-2021.07/gcc/bin/../lib/gcc/arm-none-eabi/10.3.1/../../../../arm-none-eabi/lib/thumb/v7e-m+fp/hard/libc.a(lib_a-mprec.o)
                0x0000000000007bc8                __mcmp
 .text.__mdiff  0x0000000000007c0c      0x14c /usr/local/Cellar/arm-none-eabi-gcc/10.3-2021.07/gcc/bin/../lib/gcc/arm-none-eabi/10.3.1/../../../../arm-none-eabi/lib/thumb/v7e-m+fp/hard/libc.a(lib_a-mprec.o)
                0x0000000000007c0c                __mdiff
 .text.__d2b    0x0000000000007d58       0xd0 /usr/local/Cellar/arm-none-eabi-gcc/10.3-2021.07/gcc/bin/../lib/gcc/arm-none-eabi/10.3.1/../../../../arm-none-eabi/lib/thumb/v7e-m+fp/hard/libc.a(lib_a-mprec.o)
                0x0000000000007d58                __d2b
 .text.frexp    0x0000000000007e28       0x6c /usr/local/Cellar/arm-none-eabi-gcc/10.3-2021.07/gcc/bin/../lib/gcc/arm-none-eabi/10.3.1/../../../../arm-none-eabi/lib/thumb/v7e-m+fp/hard/libc.a(lib_a-s_frexp.o)
                0x0000000000007e28                frexp
 .text._sbrk_r  0x0000000000007e94       0x24 /usr/local/Cellar/arm-none-eabi-gcc/10.3-2021.07/gcc/bin/../lib/gcc/arm-none-eabi/10.3.1/../../../../arm-none-eabi/lib/thumb/v7e-m+fp/hard/libc.a(lib_a-sbrkr.o)
                0x0000000000007e94                _sbrk_r
 .text.__sread  0x0000000000007eb8       0x24 /usr/local/Cellar/arm-none-eabi-gcc/10.3-2021.07/gcc/bin/../lib/gcc/arm-none-eabi/10.3.1/../../../../arm-none-eabi/lib/thumb/v7e-m+fp/hard/libc.a(lib_a-stdio.o)
                0x0000000000007eb8                __sread
 .text.__swrite
                0x0000000000007edc       0x40 /usr/local/Cellar/arm-none-eabi-gcc/10.3-2021.07/gcc/bin/../lib/gcc/arm-none-eabi/10.3.1/../../../../arm-none-eabi/lib/thumb/v7e-m+fp/hard/libc.a(lib_a-stdio.o)
                0x0000000000007edc                __swrite
 .text.__sseek  0x0000000000007f1c       0x20 /usr/local/Cellar/arm-none-eabi-gcc/10.3-2021.07/gcc/bin/../lib/gcc/arm-none-eabi/10.3.1/../../../../arm-none-eabi/lib/thumb/v7e-m+fp/hard/libc.a(lib_a-stdio.o)
                0x0000000000007f1c                __sseek
 .text.__sclose
                0x0000000000007f3c        0x8 /usr/local/Cellar/arm-none-eabi-gcc/10.3-2021.07/gcc/bin/../lib/gcc/arm-none-eabi/10.3.1/../../../../arm-none-eabi/lib/thumb/v7e-m+fp/hard/libc.a(lib_a-stdio.o)
                0x0000000000007f3c                __sclose
 .text.strncpy  0x0000000000007f44       0x64 /usr/local/Cellar/arm-none-eabi-gcc/10.3-2021.07/gcc/bin/../lib/gcc/arm-none-eabi/10.3.1/../../../../arm-none-eabi/lib/thumb/v7e-m+fp/hard/libc.a(lib_a-strncpy.o)
                0x0000000000007f44                strncpy
 .text.__sprint_r.part.0
                0x0000000000007fa8       0x78 /usr/local/Cellar/arm-none-eabi-gcc/10.3-2021.07/gcc/bin/../lib/gcc/arm-none-eabi/10.3.1/../../../../arm-none-eabi/lib/thumb/v7e-m+fp/hard/libc.a(lib_a-vfiprintf.o)
 .text.__sprint_r
                0x0000000000008020       0x18 /usr/local/Cellar/arm-none-eabi-gcc/10.3-2021.07/gcc/bin/../lib/gcc/arm-none-eabi/10.3.1/../../../../arm-none-eabi/lib/thumb/v7e-m+fp/hard/libc.a(lib_a-vfiprintf.o)
                0x0000000000008020                __sprint_r
 .text._vfiprintf_r
                0x0000000000008038      0xdfc /usr/local/Cellar/arm-none-eabi-gcc/10.3-2021.07/gcc/bin/../lib/gcc/arm-none-eabi/10.3.1/../../../../arm-none-eabi/lib/thumb/v7e-m+fp/hard/libc.a(lib_a-vfiprintf.o)
                0x0000000000008038                _vfiprintf_r
 .text.__sbprintf
                0x0000000000008e34       0x80 /usr/local/Cellar/arm-none-eabi-gcc/10.3-2021.07/gcc/bin/../lib/gcc/arm-none-eabi/10.3.1/../../../../arm-none-eabi/lib/thumb/v7e-m+fp/hard/libc.a(lib_a-vfiprintf.o)
 .text._write_r
                0x0000000000008eb4       0x2c /usr/local/Cellar/arm-none-eabi-gcc/10.3-2021.07/gcc/bin/../lib/gcc/arm-none-eabi/10.3.1/../../../../arm-none-eabi/lib/thumb/v7e-m+fp/hard/libc.a(lib_a-writer.o)
                0x0000000000008eb4                _write_r
 .text.__register_exitproc
                0x0000000000008ee0       0x8c /usr/local/Cellar/arm-none-eabi-gcc/10.3-2021.07/gcc/bin/../lib/gcc/arm-none-eabi/10.3.1/../../../../arm-none-eabi/lib/thumb/v7e-m+fp/hard/libc.a(lib_a-__atexit.o)
                0x0000000000008ee0                __register_exitproc
 .text.__assert_func
                0x0000000000008f6c       0x40 /usr/local/Cellar/arm-none-eabi-gcc/10.3-2021.07/gcc/bin/../lib/gcc/arm-none-eabi/10.3.1/../../../../arm-none-eabi/lib/thumb/v7e-m+fp/hard/libc.a(lib_a-assert.o)
                0x0000000000008f6c                __assert_func
 .text._calloc_r
                0x0000000000008fac       0x78 /usr/local/Cellar/arm-none-eabi-gcc/10.3-2021.07/gcc/bin/../lib/gcc/arm-none-eabi/10.3.1/../../../../arm-none-eabi/lib/thumb/v7e-m+fp/hard/libc.a(lib_a-callocr.o)
                0x0000000000008fac                _calloc_r
 .text._close_r
                0x0000000000009024       0x24 /usr/local/Cellar/arm-none-eabi-gcc/10.3-2021.07/gcc/bin/../lib/gcc/arm-none-eabi/10.3.1/../../../../arm-none-eabi/lib/thumb/v7e-m+fp/hard/libc.a(lib_a-closer.o)
                0x0000000000009024                _close_r
 .text.__errno  0x0000000000009048        0xc /usr/local/Cellar/arm-none-eabi-gcc/10.3-2021.07/gcc/bin/../lib/gcc/arm-none-eabi/10.3.1/../../../../arm-none-eabi/lib/thumb/v7e-m+fp/hard/libc.a(lib_a-errno.o)
                0x0000000000009048                __errno
 .text._fclose_r
                0x0000000000009054       0xcc /usr/local/Cellar/arm-none-eabi-gcc/10.3-2021.07/gcc/bin/../lib/gcc/arm-none-eabi/10.3.1/../../../../arm-none-eabi/lib/thumb/v7e-m+fp/hard/libc.a(lib_a-fclose.o)
                0x0000000000009054                _fclose_r
 .text.fiprintf
                0x0000000000009120       0x28 /usr/local/Cellar/arm-none-eabi-gcc/10.3-2021.07/gcc/bin/../lib/gcc/arm-none-eabi/10.3.1/../../../../arm-none-eabi/lib/thumb/v7e-m+fp/hard/libc.a(lib_a-fiprintf.o)
                0x0000000000009120                fiprintf
 .text.__fputwc
                0x0000000000009148       0xa8 /usr/local/Cellar/arm-none-eabi-gcc/10.3-2021.07/gcc/bin/../lib/gcc/arm-none-eabi/10.3.1/../../../../arm-none-eabi/lib/thumb/v7e-m+fp/hard/libc.a(lib_a-fputwc.o)
                0x0000000000009148                __fputwc
 .text._fputwc_r
                0x00000000000091f0       0x68 /usr/local/Cellar/arm-none-eabi-gcc/10.3-2021.07/gcc/bin/../lib/gcc/arm-none-eabi/10.3.1/../../../../arm-none-eabi/lib/thumb/v7e-m+fp/hard/libc.a(lib_a-fputwc.o)
                0x00000000000091f0                _fputwc_r
 .text._fstat_r
                0x0000000000009258       0x2c /usr/local/Cellar/arm-none-eabi-gcc/10.3-2021.07/gcc/bin/../lib/gcc/arm-none-eabi/10.3.1/../../../../arm-none-eabi/lib/thumb/v7e-m+fp/hard/libc.a(lib_a-fstatr.o)
                0x0000000000009258                _fstat_r
 .text.__sfvwrite_r
                0x0000000000009284      0x2f0 /usr/local/Cellar/arm-none-eabi-gcc/10.3-2021.07/gcc/bin/../lib/gcc/arm-none-eabi/10.3.1/../../../../arm-none-eabi/lib/thumb/v7e-m+fp/hard/libc.a(lib_a-fvwrite.o)
                0x0000000000009284                __sfvwrite_r
 .text._isatty_r
                0x0000000000009574       0x24 /usr/local/Cellar/arm-none-eabi-gcc/10.3-2021.07/gcc/bin/../lib/gcc/arm-none-eabi/10.3.1/../../../../arm-none-eabi/lib/thumb/v7e-m+fp/hard/libc.a(lib_a-isattyr.o)
                0x0000000000009574                _isatty_r
 .text.__locale_mb_cur_max
                0x0000000000009598        0xc /usr/local/Cellar/arm-none-eabi-gcc/10.3-2021.07/gcc/bin/../lib/gcc/arm-none-eabi/10.3.1/../../../../arm-none-eabi/lib/thumb/v7e-m+fp/hard/libc.a(lib_a-locale.o)
                0x0000000000009598                __locale_mb_cur_max
 .text._lseek_r
                0x00000000000095a4       0x2c /usr/local/Cellar/arm-none-eabi-gcc/10.3-2021.07/gcc/bin/../lib/gcc/arm-none-eabi/10.3.1/../../../../arm-none-eabi/lib/thumb/v7e-m+fp/hard/libc.a(lib_a-lseekr.o)
                0x00000000000095a4                _lseek_r
 .text.__ascii_mbtowc
                0x00000000000095d0       0x2c /usr/local/Cellar/arm-none-eabi-gcc/10.3-2021.07/gcc/bin/../lib/gcc/arm-none-eabi/10.3.1/../../../../arm-none-eabi/lib/thumb/v7e-m+fp/hard/libc.a(lib_a-mbtowc_r.o)
                0x00000000000095d0                __ascii_mbtowc
 .text.memmove  0x00000000000095fc       0xf8 /usr/local/Cellar/arm-none-eabi-gcc/10.3-2021.07/gcc/bin/../lib/gcc/arm-none-eabi/10.3.1/../../../../arm-none-eabi/lib/thumb/v7e-m+fp/hard/libc.a(lib_a-memmove.o)
                0x00000000000095fc                memmove
 .text._read_r  0x00000000000096f4       0x2c /usr/local/Cellar/arm-none-eabi-gcc/10.3-2021.07/gcc/bin/../lib/gcc/arm-none-eabi/10.3.1/../../../../arm-none-eabi/lib/thumb/v7e-m+fp/hard/libc.a(lib_a-readr.o)
                0x00000000000096f4                _read_r
 .text._realloc_r
                0x0000000000009720      0x3d8 /usr/local/Cellar/arm-none-eabi-gcc/10.3-2021.07/gcc/bin/../lib/gcc/arm-none-eabi/10.3.1/../../../../arm-none-eabi/lib/thumb/v7e-m+fp/hard/libc.a(lib_a-reallocr.o)
                0x0000000000009720                _realloc_r
 .text.__swbuf_r
                0x0000000000009af8       0xb0 /usr/local/Cellar/arm-none-eabi-gcc/10.3-2021.07/gcc/bin/../lib/gcc/arm-none-eabi/10.3.1/../../../../arm-none-eabi/lib/thumb/v7e-m+fp/hard/libc.a(lib_a-wbuf.o)
                0x0000000000009af8                __swbuf_r
 .text._wcrtomb_r
                0x0000000000009ba8       0x3c /usr/local/Cellar/arm-none-eabi-gcc/10.3-2021.07/gcc/bin/../lib/gcc/arm-none-eabi/10.3.1/../../../../arm-none-eabi/lib/thumb/v7e-m+fp/hard/libc.a(lib_a-wcrtomb.o)
                0x0000000000009ba8                _wcrtomb_r
 .text.__ascii_wctomb
                0x0000000000009be4       0x1c /usr/local/Cellar/arm-none-eabi-gcc/10.3-2021.07/gcc/bin/../lib/gcc/arm-none-eabi/10.3.1/../../../../arm-none-eabi/lib/thumb/v7e-m+fp/hard/libc.a(lib_a-wctomb_r.o)
                0x0000000000009be4                __ascii_wctomb
 .text.abort    0x0000000000009c00       0x10 /usr/local/Cellar/arm-none-eabi-gcc/10.3-2021.07/gcc/bin/../lib/gcc/arm-none-eabi/10.3.1/../../../../arm-none-eabi/lib/thumb/v7e-m+fp/hard/libc.a(lib_a-abort.o)
                0x0000000000009c00                abort
 .text.raise    0x0000000000009c10       0x5c /usr/local/Cellar/arm-none-eabi-gcc/10.3-2021.07/gcc/bin/../lib/gcc/arm-none-eabi/10.3.1/../../../../arm-none-eabi/lib/thumb/v7e-m+fp/hard/libc.a(lib_a-signal.o)
                0x0000000000009c10                raise
 .text._kill_r  0x0000000000009c6c       0x2c /usr/local/Cellar/arm-none-eabi-gcc/10.3-2021.07/gcc/bin/../lib/gcc/arm-none-eabi/10.3.1/../../../../arm-none-eabi/lib/thumb/v7e-m+fp/hard/libc.a(lib_a-signalr.o)
                0x0000000000009c6c                _kill_r
 .text._getpid_r
                0x0000000000009c98        0x4 /usr/local/Cellar/arm-none-eabi-gcc/10.3-2021.07/gcc/bin/../lib/gcc/arm-none-eabi/10.3.1/../../../../arm-none-eabi/lib/thumb/v7e-m+fp/hard/libc.a(lib_a-signalr.o)
                0x0000000000009c98                _getpid_r
 .text._close   0x0000000000009c9c       0x10 /usr/local/Cellar/arm-none-eabi-gcc/10.3-2021.07/gcc/bin/../lib/gcc/arm-none-eabi/10.3.1/../../../../arm-none-eabi/lib/thumb/v7e-m+fp/hard/libnosys.a(close.o)
                0x0000000000009c9c                _close
 .text._fstat   0x0000000000009cac       0x10 /usr/local/Cellar/arm-none-eabi-gcc/10.3-2021.07/gcc/bin/../lib/gcc/arm-none-eabi/10.3.1/../../../../arm-none-eabi/lib/thumb/v7e-m+fp/hard/libnosys.a(fstat.o)
                0x0000000000009cac                _fstat
 .text._getpid  0x0000000000009cbc       0x10 /usr/local/Cellar/arm-none-eabi-gcc/10.3-2021.07/gcc/bin/../lib/gcc/arm-none-eabi/10.3.1/../../../../arm-none-eabi/lib/thumb/v7e-m+fp/hard/libnosys.a(getpid.o)
                0x0000000000009cbc                _getpid
 .text._isatty  0x0000000000009ccc       0x10 /usr/local/Cellar/arm-none-eabi-gcc/10.3-2021.07/gcc/bin/../lib/gcc/arm-none-eabi/10.3.1/../../../../arm-none-eabi/lib/thumb/v7e-m+fp/hard/libnosys.a(isatty.o)
                0x0000000000009ccc                _isatty
 .text._kill    0x0000000000009cdc       0x10 /usr/local/Cellar/arm-none-eabi-gcc/10.3-2021.07/gcc/bin/../lib/gcc/arm-none-eabi/10.3.1/../../../../arm-none-eabi/lib/thumb/v7e-m+fp/hard/libnosys.a(kill.o)
                0x0000000000009cdc                _kill
 .text._lseek   0x0000000000009cec       0x10 /usr/local/Cellar/arm-none-eabi-gcc/10.3-2021.07/gcc/bin/../lib/gcc/arm-none-eabi/10.3.1/../../../../arm-none-eabi/lib/thumb/v7e-m+fp/hard/libnosys.a(lseek.o)
                0x0000000000009cec                _lseek
 .text._sbrk    0x0000000000009cfc       0x1c /usr/local/Cellar/arm-none-eabi-gcc/10.3-2021.07/gcc/bin/../lib/gcc/arm-none-eabi/10.3.1/../../../../arm-none-eabi/lib/thumb/v7e-m+fp/hard/libnosys.a(sbrk.o)
                0x0000000000009cfc                _sbrk
 .text._exit    0x0000000000009d18        0x4 /usr/local/Cellar/arm-none-eabi-gcc/10.3-2021.07/gcc/bin/../lib/gcc/arm-none-eabi/10.3.1/../../../../arm-none-eabi/lib/thumb/v7e-m+fp/hard/libnosys.a(_exit.o)
                0x0000000000009d18                _exit
 .text          0x0000000000009d1c      0x378 /usr/local/Cellar/arm-none-eabi-gcc/10.3-2021.07/gcc/bin/../lib/gcc/arm-none-eabi/10.3.1/thumb/v7e-m+fp/hard/libgcc.a(_arm_addsubdf3.o)
                0x0000000000009d1c                __aeabi_drsub
                0x0000000000009d24                __subdf3
                0x0000000000009d24                __aeabi_dsub
                0x0000000000009d28                __aeabi_dadd
                0x0000000000009d28                __adddf3
                0x0000000000009fa0                __aeabi_ui2d
                0x0000000000009fa0                __floatunsidf
                0x0000000000009fc0                __floatsidf
                0x0000000000009fc0                __aeabi_i2d
                0x0000000000009fe4                __extendsfdf2
                0x0000000000009fe4                __aeabi_f2d
                0x000000000000a028                __aeabi_ul2d
                0x000000000000a028                __floatundidf
                0x000000000000a038                __aeabi_l2d
                0x000000000000a038                __floatdidf
 .text          0x000000000000a094      0x424 /usr/local/Cellar/arm-none-eabi-gcc/10.3-2021.07/gcc/bin/../lib/gcc/arm-none-eabi/10.3.1/thumb/v7e-m+fp/hard/libgcc.a(_arm_muldivdf3.o)
                0x000000000000a094                __aeabi_dmul
                0x000000000000a094                __muldf3
                0x000000000000a2e8                __aeabi_ddiv
                0x000000000000a2e8                __divdf3
 .text          0x000000000000a4b8      0x110 /usr/local/Cellar/arm-none-eabi-gcc/10.3-2021.07/gcc/bin/../lib/gcc/arm-none-eabi/10.3.1/thumb/v7e-m+fp/hard/libgcc.a(_arm_cmpdf2.o)
                0x000000000000a4b8                __gedf2
                0x000000000000a4b8                __gtdf2
                0x000000000000a4c0                __ledf2
                0x000000000000a4c0                __ltdf2
                0x000000000000a4c8                __cmpdf2
                0x000000000000a4c8                __eqdf2
                0x000000000000a4c8                __nedf2
                0x000000000000a544                __aeabi_cdrcmple
                0x000000000000a554                __aeabi_cdcmple
                0x000000000000a554                __aeabi_cdcmpeq
                0x000000000000a564                __aeabi_dcmpeq
                0x000000000000a578                __aeabi_dcmplt
                0x000000000000a58c                __aeabi_dcmple
                0x000000000000a5a0                __aeabi_dcmpge
                0x000000000000a5b4                __aeabi_dcmpgt
 .text          0x000000000000a5c8       0x2c /usr/local/Cellar/arm-none-eabi-gcc/10.3-2021.07/gcc/bin/../lib/gcc/arm-none-eabi/10.3.1/thumb/v7e-m+fp/hard/libgcc.a(_arm_unorddf2.o)
                0x000000000000a5c8                __aeabi_dcmpun
                0x000000000000a5c8                __unorddf2
 .text          0x000000000000a5f4       0x50 /usr/local/Cellar/arm-none-eabi-gcc/10.3-2021.07/gcc/bin/../lib/gcc/arm-none-eabi/10.3.1/thumb/v7e-m+fp/hard/libgcc.a(_arm_fixdfsi.o)
                0x000000000000a5f4                __fixdfsi
                0x000000000000a5f4                __aeabi_d2iz
 .text          0x000000000000a644       0x30 /usr/local/Cellar/arm-none-eabi-gcc/10.3-2021.07/gcc/bin/../lib/gcc/arm-none-eabi/10.3.1/thumb/v7e-m+fp/hard/libgcc.a(_aeabi_uldivmod.o)
                0x000000000000a644                __aeabi_uldivmod
 .text          0x000000000000a674      0x2d0 /usr/local/Cellar/arm-none-eabi-gcc/10.3-2021.07/gcc/bin/../lib/gcc/arm-none-eabi/10.3.1/thumb/v7e-m+fp/hard/libgcc.a(_udivmoddi4.o)
                0x000000000000a674                __udivmoddi4
 .text          0x000000000000a944        0x4 /usr/local/Cellar/arm-none-eabi-gcc/10.3-2021.07/gcc/bin/../lib/gcc/arm-none-eabi/10.3.1/thumb/v7e-m+fp/hard/libgcc.a(_dvmd_tls.o)
                0x000000000000a944                __aeabi_ldiv0
                0x000000000000a944                __aeabi_idiv0
 *(.init)
 .init          0x000000000000a948        0x4 /usr/local/Cellar/arm-none-eabi-gcc/10.3-2021.07/gcc/bin/../lib/gcc/arm-none-eabi/10.3.1/thumb/v7e-m+fp/hard/crti.o
                0x000000000000a948                _init
 .init          0x000000000000a94c        0x8 /usr/local/Cellar/arm-none-eabi-gcc/10.3-2021.07/gcc/bin/../lib/gcc/arm-none-eabi/10.3.1/thumb/v7e-m+fp/hard/crtn.o
 *(.fini)
 .fini          0x000000000000a954        0x4 /usr/local/Cellar/arm-none-eabi-gcc/10.3-2021.07/gcc/bin/../lib/gcc/arm-none-eabi/10.3.1/thumb/v7e-m+fp/hard/crti.o
                0x000000000000a954                _fini
 .fini          0x000000000000a958        0x8 /usr/local/Cellar/arm-none-eabi-gcc/10.3-2021.07/gcc/bin/../lib/gcc/arm-none-eabi/10.3.1/thumb/v7e-m+fp/hard/crtn.o
 *crtbegin.o(.ctors)
 *crtbegin?.o(.ctors)
 *(EXCLUDE_FILE(*crtend.o *crtend?.o) .ctors)
 *(SORT_BY_NAME(.ctors.*))
 *(.ctors)
 *crtbegin.o(.dtors)
 *crtbegin?.o(.dtors)
 *(EXCLUDE_FILE(*crtend.o *crtend?.o) .dtors)
 *(SORT_BY_NAME(.dtors.*))
 *(.dtors)
 *(.rodata*)
 .rodata.uart_error_handle.str1.1
                0x000000000000a960       0x59 _build/main.o
                                         0x67 (size before relaxing)
 .rodata.uart_init.str1.1
                0x000000000000a9b9       0x25 _build/main.o
 .rodata.uart_putstring.str1.1
                0x000000000000a9de       0x2f _build/main.o
 .rodata.uart_getstring.str1.1
                0x000000000000aa0d       0x4a _build/main.o
 .rodata.main.str1.1
                0x000000000000aa57       0x21 _build/main.o
 *fill*         0x000000000000aa78        0x8 
 .rodata.delay_machine_code.0
                0x000000000000aa80        0x6 _build/main.o
 .rodata.nrf_gpio_pin_port_decode.str1.1
                0x000000000000aa86       0x43 _build/better_error_handling.o
 .rodata.app_error_fault_handler.str1.1
                0x000000000000aac9       0x78 _build/better_error_handling.o
 .rodata.LED_COLS
                0x000000000000ab41        0x5 _build/better_error_handling.o
 .rodata.LED_ROWS
                0x000000000000ab46        0x5 _build/better_error_handling.o
 *fill*         0x000000000000ab4b        0x5 
 .rodata.delay_machine_code.0
                0x000000000000ab50        0x6 _build/better_error_handling.o
 .rodata.called_first.str1.1
                0x000000000000ab56       0x61 _build/microbit_before_startup.o
 *fill*         0x000000000000abb7        0x9 
 .rodata.delay_machine_code.0
                0x000000000000abc0        0x6 _build/microbit_before_startup.o
 .rodata.uart_init.constprop.0.str1.1
                0x000000000000abc6       0x67 _build/microbit_nrf_log_backend_uart.o
 *fill*         0x000000000000ac2d        0x3 
 .rodata        0x000000000000ac30       0x20 _build/microbit_nrf_log_backend_uart.o
 .rodata.nrf_log_backend_uart_api
                0x000000000000ac50        0xc _build/microbit_nrf_log_backend_uart.o
                0x000000000000ac50                nrf_log_backend_uart_api
 *fill*         0x000000000000ac5c        0x4 
 .rodata.delay_machine_code.0
                0x000000000000ac60        0x6 _build/app_timer.o
 .rodata.app_util_critical_region_enter.str1.1
                0x000000000000ac66       0x55 _build/app_util_platform.o
 .rodata.HardFault_c_handler.str1.1
                0x000000000000acbb      0x12e _build/hardfault_implementation.o
 .rodata.str1.1
                0x000000000000ade9      0x4c0 _build/hardfault_implementation.o
 *fill*         0x000000000000b2a9        0x3 
 .rodata.cfsr_msgs.0
                0x000000000000b2ac       0x68 _build/hardfault_implementation.o
 .rodata.nrf_balloc_init.str1.1
                0x000000000000b314       0x50 _build/nrf_balloc.o
 .rodata.nrf_fprintf_buffer_flush.str1.1
                0x000000000000b364       0x46 _build/nrf_fprintf.o
 .rodata.nrf_fprintf_fmt.str1.1
                0x000000000000b3aa       0x4d _build/nrf_fprintf_format.o
 .rodata._aV2C.0
                0x000000000000b3f7       0x10 _build/nrf_fprintf_format.o
 .rodata.nrf_log_default_backends_init.str1.1
                0x000000000000b407       0x5f _build/nrf_log_default_backends.o
 .rodata.str1.1
                0x000000000000b466       0x11 _build/nrf_log_default_backends.o
 .rodata.buf_prealloc.str1.1
                0x000000000000b477       0x57 _build/nrf_log_frontend.o
 .rodata.nrf_log_frontend_dequeue.str1.1
                0x000000000000b4ce       0x11 _build/nrf_log_frontend.o
 .rodata.str1.1
                0x000000000000b4df        0x4 _build/nrf_log_frontend.o
 *fill*         0x000000000000b4e3        0x1 
 .rodata.m_log_push_ringbuf
                0x000000000000b4e4        0xc _build/nrf_log_frontend.o
 .rodata.prefix_process.str1.1
                0x000000000000b4f0       0x2f _build/nrf_log_str_formatter.o
                                         0x32 (size before relaxing)
 .rodata.postfix_process.str1.1
                0x000000000000b51f       0x2f _build/nrf_log_str_formatter.o
                                          0x3 (size before relaxing)
 .rodata.nrf_log_hexdump_entry_process.str1.1
                0x000000000000b51f        0xc _build/nrf_log_str_formatter.o
                                         0x11 (size before relaxing)
 .rodata.str1.1
                0x000000000000b52b       0x4b _build/nrf_log_str_formatter.o
                                         0x51 (size before relaxing)
 *fill*         0x000000000000b576        0x2 
 .rodata.m_colors
                0x000000000000b578       0x24 _build/nrf_log_str_formatter.o
 .rodata.severity_names
                0x000000000000b59c       0x14 _build/nrf_log_str_formatter.o
 .rodata.str1.1
                0x000000000000b5b0        0x9 _build/nrf_pwr_mgmt.o
 .rodata.memobj_op.str1.1
                0x000000000000b5b9       0x50 _build/nrf_memobj.o
 .rodata.str1.1
                0x000000000000b609      0x391 _build/nrf_strerror.o
 .rodata.m_unknown_str
                0x000000000000b99a       0x13 _build/nrf_strerror.o
 *fill*         0x000000000000b9ad        0x3 
 .rodata.nrf_strerror_array
                0x000000000000b9b0      0x118 _build/nrf_strerror.o
 .rodata.str1.1
                0x000000000000bac8        0x6 _build/nrf_drv_clock.o
 .rodata.nrf_gpio_pin_port_decode.str1.1
                0x000000000000bace       0x43 _build/nrfx_gpiote.o
 .rodata.str1.1
                0x000000000000bace        0x7 _build/nrfx_gpiote.o
 .rodata.UARTE0_UART0_IRQHandler.str1.1
                0x000000000000bad5       0x4f _build/nrfx_prs.o
 .rodata.str1.1
                0x000000000000bb24        0x4 _build/nrfx_prs.o
 .rodata.str1.1
                0x000000000000bb28        0x6 _build/nrfx_saadc.o
 .rodata.str1.1
                0x000000000000bb2e        0x6 _build/nrfx_timer.o
 .rodata.SPIM0_SPIS0_TWIM0_TWIS0_SPI0_TWI0_IRQHandler.str1.1
                0x000000000000bb34       0x4c _build/nrfx_twim.o
 .rodata.str1.1
                0x000000000000bb80        0x5 _build/nrfx_twim.o
 .rodata.str1.1
                0x000000000000bb85        0x6 _build/nrfx_clock.o
 .rodata.nrf_gpio_pin_port_decode.str1.1
                0x000000000000bb8b       0x43 _build/nrfx_uart.o
 .rodata.nrfx_uart_init.str1.1
                0x000000000000bb8b       0x90 _build/nrfx_uart.o
 .rodata.str1.1
                0x000000000000bc1b        0x5 _build/nrfx_uart.o
 .rodata.nrf_gpio_pin_port_decode.str1.1
                0x000000000000bc20       0x43 _build/nrfx_uarte.o
 .rodata.nrfx_uarte_init.str1.1
                0x000000000000bc20       0x4d _build/nrfx_uarte.o
                                         0x91 (size before relaxing)
 .rodata.str1.1
                0x000000000000bc6d        0x6 _build/nrfx_uarte.o
 *fill*         0x000000000000bc73        0x1 
 .rodata.irq_handlers.0
                0x000000000000bc74        0x8 _build/nrfx_uarte.o
 .rodata.str1.1
                0x000000000000bc7c        0x4 _build/nrfx_pwm.o
 .rodata._ctype_
                0x000000000000bc80      0x101 /usr/local/Cellar/arm-none-eabi-gcc/10.3-2021.07/gcc/bin/../lib/gcc/arm-none-eabi/10.3.1/../../../../arm-none-eabi/lib/thumb/v7e-m+fp/hard/libc.a(lib_a-ctype_.o)
                0x000000000000bc80                _ctype_
 *fill*         0x000000000000bd81        0x3 
 .rodata._global_impure_ptr
                0x000000000000bd84        0x4 /usr/local/Cellar/arm-none-eabi-gcc/10.3-2021.07/gcc/bin/../lib/gcc/arm-none-eabi/10.3.1/../../../../arm-none-eabi/lib/thumb/v7e-m+fp/hard/libc.a(lib_a-impure.o)
                0x000000000000bd84                _global_impure_ptr
 .rodata._vfprintf_r.str1.4
                0x000000000000bd88       0x42 /usr/local/Cellar/arm-none-eabi-gcc/10.3-2021.07/gcc/bin/../lib/gcc/arm-none-eabi/10.3.1/../../../../arm-none-eabi/lib/thumb/v7e-m+fp/hard/libc.a(lib_a-vfprintf.o)
 *fill*         0x000000000000bdca        0x2 
 .rodata.blanks.1
                0x000000000000bdcc       0x10 /usr/local/Cellar/arm-none-eabi-gcc/10.3-2021.07/gcc/bin/../lib/gcc/arm-none-eabi/10.3.1/../../../../arm-none-eabi/lib/thumb/v7e-m+fp/hard/libc.a(lib_a-vfprintf.o)
 .rodata.zeroes.0
                0x000000000000bddc       0x10 /usr/local/Cellar/arm-none-eabi-gcc/10.3-2021.07/gcc/bin/../lib/gcc/arm-none-eabi/10.3.1/../../../../arm-none-eabi/lib/thumb/v7e-m+fp/hard/libc.a(lib_a-vfprintf.o)
 .rodata._dtoa_r.str1.4
                0x000000000000bdec       0x7e /usr/local/Cellar/arm-none-eabi-gcc/10.3-2021.07/gcc/bin/../lib/gcc/arm-none-eabi/10.3.1/../../../../arm-none-eabi/lib/thumb/v7e-m+fp/hard/libc.a(lib_a-dtoa.o)
                                         0x82 (size before relaxing)
 *fill*         0x000000000000be6a        0x2 
 .rodata.__multadd.str1.4
                0x000000000000be6c       0x5b /usr/local/Cellar/arm-none-eabi-gcc/10.3-2021.07/gcc/bin/../lib/gcc/arm-none-eabi/10.3.1/../../../../arm-none-eabi/lib/thumb/v7e-m+fp/hard/libc.a(lib_a-mprec.o)
                                         0x6f (size before relaxing)
 *fill*         0x000000000000bec7        0x1 
 .rodata.__mprec_bigtens
                0x000000000000bec8       0x28 /usr/local/Cellar/arm-none-eabi-gcc/10.3-2021.07/gcc/bin/../lib/gcc/arm-none-eabi/10.3.1/../../../../arm-none-eabi/lib/thumb/v7e-m+fp/hard/libc.a(lib_a-mprec.o)
                0x000000000000bec8                __mprec_bigtens
 .rodata.__mprec_tens
                0x000000000000bef0       0xc8 /usr/local/Cellar/arm-none-eabi-gcc/10.3-2021.07/gcc/bin/../lib/gcc/arm-none-eabi/10.3.1/../../../../arm-none-eabi/lib/thumb/v7e-m+fp/hard/libc.a(lib_a-mprec.o)
                0x000000000000bef0                __mprec_tens
 .rodata.p05.0  0x000000000000bfb8        0xc /usr/local/Cellar/arm-none-eabi-gcc/10.3-2021.07/gcc/bin/../lib/gcc/arm-none-eabi/10.3.1/../../../../arm-none-eabi/lib/thumb/v7e-m+fp/hard/libc.a(lib_a-mprec.o)
 .rodata._vfiprintf_r.str1.4
                0x000000000000bfc4       0x2f /usr/local/Cellar/arm-none-eabi-gcc/10.3-2021.07/gcc/bin/../lib/gcc/arm-none-eabi/10.3.1/../../../../arm-none-eabi/lib/thumb/v7e-m+fp/hard/libc.a(lib_a-vfiprintf.o)
 .rodata.blanks.1
                0x000000000000bfc4       0x10 /usr/local/Cellar/arm-none-eabi-gcc/10.3-2021.07/gcc/bin/../lib/gcc/arm-none-eabi/10.3.1/../../../../arm-none-eabi/lib/thumb/v7e-m+fp/hard/libc.a(lib_a-vfiprintf.o)
 .rodata.zeroes.0
                0x000000000000bfd4       0x10 /usr/local/Cellar/arm-none-eabi-gcc/10.3-2021.07/gcc/bin/../lib/gcc/arm-none-eabi/10.3.1/../../../../arm-none-eabi/lib/thumb/v7e-m+fp/hard/libc.a(lib_a-vfiprintf.o)
 .rodata.__assert_func.str1.4
                0x000000000000bfe4       0x3f /usr/local/Cellar/arm-none-eabi-gcc/10.3-2021.07/gcc/bin/../lib/gcc/arm-none-eabi/10.3.1/../../../../arm-none-eabi/lib/thumb/v7e-m+fp/hard/libc.a(lib_a-assert.o)
                                         0x43 (size before relaxing)
 *fill*         0x000000000000c023        0x1 
 .rodata._setlocale_r.str1.4
                0x000000000000c024        0xa /usr/local/Cellar/arm-none-eabi-gcc/10.3-2021.07/gcc/bin/../lib/gcc/arm-none-eabi/10.3.1/../../../../arm-none-eabi/lib/thumb/v7e-m+fp/hard/libc.a(lib_a-locale.o)
                                          0xd (size before relaxing)
 *fill*         0x000000000000c02e        0x2 
 .rodata.str1.4
                0x000000000000c030        0x2 /usr/local/Cellar/arm-none-eabi-gcc/10.3-2021.07/gcc/bin/../lib/gcc/arm-none-eabi/10.3.1/../../../../arm-none-eabi/lib/thumb/v7e-m+fp/hard/libc.a(lib_a-locale.o)
 *(.eh_frame*)
 *fill*         0x000000000000c032        0x2 
 .eh_frame      0x000000000000c034        0x0 /usr/local/Cellar/arm-none-eabi-gcc/10.3-2021.07/gcc/bin/../lib/gcc/arm-none-eabi/10.3.1/thumb/v7e-m+fp/hard/crtbegin.o
 .eh_frame      0x000000000000c034        0x4 /usr/local/Cellar/arm-none-eabi-gcc/10.3-2021.07/gcc/bin/../lib/gcc/arm-none-eabi/10.3.1/thumb/v7e-m+fp/hard/crtend.o

.glue_7         0x000000000000c038        0x0
 .glue_7        0x000000000000c038        0x0 linker stubs

.glue_7t        0x000000000000c038        0x0
 .glue_7t       0x000000000000c038        0x0 linker stubs

.vfp11_veneer   0x000000000000c038        0x0
 .vfp11_veneer  0x000000000000c038        0x0 linker stubs

.v4_bx          0x000000000000c038        0x0
 .v4_bx         0x000000000000c038        0x0 linker stubs

.iplt           0x000000000000c038        0x0
 .iplt          0x000000000000c038        0x0 /usr/local/Cellar/arm-none-eabi-gcc/10.3-2021.07/gcc/bin/../lib/gcc/arm-none-eabi/10.3.1/thumb/v7e-m+fp/hard/crtbegin.o

.pwr_mgmt_data  0x000000000000c038        0x0
                0x000000000000c038                PROVIDE (__start_pwr_mgmt_data = .)
 *(SORT_BY_NAME(.pwr_mgmt_data*))
                0x000000000000c038                PROVIDE (__stop_pwr_mgmt_data = .)

.log_const_data
                0x000000000000c038       0x68
                0x000000000000c038                PROVIDE (__start_log_const_data = .)
 *(SORT_BY_NAME(.log_const_data*))
 .log_const_data_CLOCK
                0x000000000000c038        0x8 _build/nrfx_clock.o
                0x000000000000c038                m_nrf_log_CLOCK_logs_data_const
 .log_const_data_GPIOTE
                0x000000000000c040        0x8 _build/nrfx_gpiote.o
                0x000000000000c040                m_nrf_log_GPIOTE_logs_data_const
 .log_const_data_PRS
                0x000000000000c048        0x8 _build/nrfx_prs.o
                0x000000000000c048                m_nrf_log_PRS_logs_data_const
 .log_const_data_PWM
                0x000000000000c050        0x8 _build/nrfx_pwm.o
                0x000000000000c050                m_nrf_log_PWM_logs_data_const
 .log_const_data_SAADC
                0x000000000000c058        0x8 _build/nrfx_saadc.o
                0x000000000000c058                m_nrf_log_SAADC_logs_data_const
 .log_const_data_TIMER
                0x000000000000c060        0x8 _build/nrfx_timer.o
                0x000000000000c060                m_nrf_log_TIMER_logs_data_const
 .log_const_data_TWIM
                0x000000000000c068        0x8 _build/nrfx_twim.o
                0x000000000000c068                m_nrf_log_TWIM_logs_data_const
 .log_const_data_UART
                0x000000000000c070        0x8 _build/nrfx_uart.o
                0x000000000000c070                m_nrf_log_UART_logs_data_const
 .log_const_data_UARTE
                0x000000000000c078        0x8 _build/nrfx_uarte.o
                0x000000000000c078                m_nrf_log_UARTE_logs_data_const
 .log_const_data_app
                0x000000000000c080        0x8 _build/nrf_log_frontend.o
                0x000000000000c080                m_nrf_log_app_logs_data_const
 .log_const_data_clock
                0x000000000000c088        0x8 _build/nrf_drv_clock.o
                0x000000000000c088                m_nrf_log_clock_logs_data_const
 .log_const_data_hardfault
                0x000000000000c090        0x8 _build/hardfault_implementation.o
                0x000000000000c090                m_nrf_log_hardfault_logs_data_const
 .log_const_data_pwr_mgmt
                0x000000000000c098        0x8 _build/nrf_pwr_mgmt.o
                0x000000000000c098                m_nrf_log_pwr_mgmt_logs_data_const
                0x000000000000c0a0                PROVIDE (__stop_log_const_data = .)

.nrf_balloc     0x000000000000c0a0       0x14
                [!provide]                        PROVIDE (__start_nrf_balloc = .)
 *(.nrf_balloc)
 .nrf_balloc    0x000000000000c0a0       0x14 _build/nrf_log_frontend.o
                0x000000000000c0a0                log_mempool
                [!provide]                        PROVIDE (__stop_nrf_balloc = .)

.log_backends   0x000000000000c0b4       0x10
 .log_backends  0x000000000000c0b4       0x10 _build/nrf_log_default_backends.o

.nrf_queue      0x000000000000c0c4        0x0
                [!provide]                        PROVIDE (__start_nrf_queue = .)
 *(.nrf_queue)
                [!provide]                        PROVIDE (__stop_nrf_queue = .)

.cli_command    0x000000000000c0c4        0x0
                [!provide]                        PROVIDE (__start_cli_command = .)
 *(.cli_command)
                [!provide]                        PROVIDE (__stop_cli_command = .)

.sdh_stack_observers
                0x000000000000c0c4        0x0
                [!provide]                        PROVIDE (__start_sdh_stack_observers = .)
 *(SORT_BY_NAME(.sdh_stack_observers*))
                [!provide]                        PROVIDE (__stop_sdh_stack_observers = .)

.sdh_req_observers
                0x000000000000c0c4        0x0
                [!provide]                        PROVIDE (__start_sdh_req_observers = .)
 *(SORT_BY_NAME(.sdh_req_observers*))
                [!provide]                        PROVIDE (__stop_sdh_req_observers = .)

.sdh_state_observers
                0x000000000000c0c4        0x0
                [!provide]                        PROVIDE (__start_sdh_state_observers = .)
 *(SORT_BY_NAME(.sdh_state_observers*))
                [!provide]                        PROVIDE (__stop_sdh_state_observers = .)

.sdh_ant_observers
                0x000000000000c0c4        0x0
                [!provide]                        PROVIDE (__start_sdh_ant_observers = .)
 *(SORT_BY_NAME(.sdh_ant_observers*))
                [!provide]                        PROVIDE (__stop_sdh_ant_observers = .)

.sdh_ble_observers
                0x000000000000c0c4        0x0
                [!provide]                        PROVIDE (__start_sdh_ble_observers = .)
 *(SORT_BY_NAME(.sdh_ble_observers*))
                [!provide]                        PROVIDE (__stop_sdh_ble_observers = .)

.sdh_soc_observers
                0x000000000000c0c4        0x0
                [!provide]                        PROVIDE (__start_sdh_soc_observers = .)
 *(SORT_BY_NAME(.sdh_soc_observers*))
                [!provide]                        PROVIDE (__stop_sdh_soc_observers = .)

.crypto_data    0x000000000000c0c4        0x0
                [!provide]                        PROVIDE (__start_crypto_data = .)
 *(SORT_BY_NAME(.crypto_data*))
                [!provide]                        PROVIDE (__stop_crypto_data = .)

.ARM.extab
 *(.ARM.extab* .gnu.linkonce.armextab.*)
                0x000000000000c0c4                __exidx_start = .

.ARM.exidx      0x000000000000c0c4        0x8
 *(.ARM.exidx* .gnu.linkonce.armexidx.*)
 .ARM.exidx     0x000000000000c0c4        0x8 /usr/local/Cellar/arm-none-eabi-gcc/10.3-2021.07/gcc/bin/../lib/gcc/arm-none-eabi/10.3.1/../../../../arm-none-eabi/lib/thumb/v7e-m+fp/hard/crt0.o
                                         0x10 (size before relaxing)
 .ARM.exidx     0x000000000000c0cc        0x0 /usr/local/Cellar/arm-none-eabi-gcc/10.3-2021.07/gcc/bin/../lib/gcc/arm-none-eabi/10.3.1/thumb/v7e-m+fp/hard/libgcc.a(_udivmoddi4.o)
                                          0x8 (size before relaxing)
                0x000000000000c0cc                __exidx_end = .
                0x000000000000c0cc                __etext = .

.rel.dyn        0x000000000000c0cc        0x0
 .rel.iplt      0x000000000000c0cc        0x0 /usr/local/Cellar/arm-none-eabi-gcc/10.3-2021.07/gcc/bin/../lib/gcc/arm-none-eabi/10.3.1/thumb/v7e-m+fp/hard/crtbegin.o

.data           0x0000000020000000      0xa08 load address 0x000000000000c0cc
                0x0000000020000000                __data_start__ = .
 *(vtable)
 *(.data*)
 .data.g_Uarte  0x0000000020000000        0x8 _build/main.o
                0x0000000020000000                g_Uarte
 .data.g_UarteCfg
                0x0000000020000008       0x20 _build/main.o
                0x0000000020000008                g_UarteCfg
 .data.m_uart   0x0000000020000028       0x14 _build/microbit_nrf_log_backend_uart.o
                0x0000000020000028                m_uart
 .data.log_backend_cb_uart_log_backend
                0x000000002000003c        0x8 _build/nrf_log_default_backends.o
 .data.SystemCoreClock
                0x0000000020000044        0x4 _build/system_nrf52833.o
                0x0000000020000044                SystemCoreClock
 .data._impure_ptr
                0x0000000020000048        0x4 /usr/local/Cellar/arm-none-eabi-gcc/10.3-2021.07/gcc/bin/../lib/gcc/arm-none-eabi/10.3.1/../../../../arm-none-eabi/lib/thumb/v7e-m+fp/hard/libc.a(lib_a-impure.o)
                0x0000000020000048                _impure_ptr
 *fill*         0x000000002000004c        0x4 
 .data.impure_data
                0x0000000020000050      0x428 /usr/local/Cellar/arm-none-eabi-gcc/10.3-2021.07/gcc/bin/../lib/gcc/arm-none-eabi/10.3.1/../../../../arm-none-eabi/lib/thumb/v7e-m+fp/hard/libc.a(lib_a-impure.o)
 .data.__atexit_recursive_mutex
                0x0000000020000478        0x4 /usr/local/Cellar/arm-none-eabi-gcc/10.3-2021.07/gcc/bin/../lib/gcc/arm-none-eabi/10.3.1/../../../../arm-none-eabi/lib/thumb/v7e-m+fp/hard/libc.a(lib_a-__call_atexit.o)
                0x0000000020000478                __atexit_recursive_mutex
 .data.__malloc_av_
                0x000000002000047c      0x408 /usr/local/Cellar/arm-none-eabi-gcc/10.3-2021.07/gcc/bin/../lib/gcc/arm-none-eabi/10.3.1/../../../../arm-none-eabi/lib/thumb/v7e-m+fp/hard/libc.a(lib_a-mallocr.o)
                0x000000002000047c                __malloc_av_
 .data.__malloc_sbrk_base
                0x0000000020000884        0x4 /usr/local/Cellar/arm-none-eabi-gcc/10.3-2021.07/gcc/bin/../lib/gcc/arm-none-eabi/10.3.1/../../../../arm-none-eabi/lib/thumb/v7e-m+fp/hard/libc.a(lib_a-mallocr.o)
                0x0000000020000884                __malloc_sbrk_base
 .data.__malloc_trim_threshold
                0x0000000020000888        0x4 /usr/local/Cellar/arm-none-eabi-gcc/10.3-2021.07/gcc/bin/../lib/gcc/arm-none-eabi/10.3.1/../../../../arm-none-eabi/lib/thumb/v7e-m+fp/hard/libc.a(lib_a-mallocr.o)
                0x0000000020000888                __malloc_trim_threshold
 .data.__global_locale
                0x000000002000088c      0x16c /usr/local/Cellar/arm-none-eabi-gcc/10.3-2021.07/gcc/bin/../lib/gcc/arm-none-eabi/10.3.1/../../../../arm-none-eabi/lib/thumb/v7e-m+fp/hard/libc.a(lib_a-locale.o)
                0x000000002000088c                __global_locale
                0x00000000200009f8                . = ALIGN (0x4)
                0x00000000200009f8                PROVIDE (__preinit_array_start = .)
 *(.preinit_array)
                0x00000000200009f8                PROVIDE (__preinit_array_end = .)
                0x00000000200009f8                . = ALIGN (0x4)
                0x00000000200009f8                PROVIDE (__init_array_start = .)
 *(SORT_BY_NAME(.init_array.*))
 .init_array.00000
                0x00000000200009f8        0x4 /usr/local/Cellar/arm-none-eabi-gcc/10.3-2021.07/gcc/bin/../lib/gcc/arm-none-eabi/10.3.1/../../../../arm-none-eabi/lib/thumb/v7e-m+fp/hard/libc.a(lib_a-__call_atexit.o)
 *(.init_array)
 .init_array    0x00000000200009fc        0x4 /usr/local/Cellar/arm-none-eabi-gcc/10.3-2021.07/gcc/bin/../lib/gcc/arm-none-eabi/10.3.1/thumb/v7e-m+fp/hard/crtbegin.o
 .init_array    0x0000000020000a00        0x4 _build/microbit_before_startup.o
                0x0000000020000a04                PROVIDE (__init_array_end = .)
                0x0000000020000a04                . = ALIGN (0x4)
                0x0000000020000a04                PROVIDE (__fini_array_start = .)
 *(SORT_BY_NAME(.fini_array.*))
 *(.fini_array)
 .fini_array    0x0000000020000a04        0x4 /usr/local/Cellar/arm-none-eabi-gcc/10.3-2021.07/gcc/bin/../lib/gcc/arm-none-eabi/10.3.1/thumb/v7e-m+fp/hard/crtbegin.o
                0x0000000020000a08                PROVIDE (__fini_array_end = .)
 *(.jcr*)
                0x0000000020000a08                . = ALIGN (0x4)
                0x0000000020000a08                __data_end__ = .
LOAD /usr/local/Cellar/arm-none-eabi-gcc/10.3-2021.07/gcc/bin/../lib/gcc/arm-none-eabi/10.3.1/thumb/v7e-m+fp/hard/crti.o
LOAD /usr/local/Cellar/arm-none-eabi-gcc/10.3-2021.07/gcc/bin/../lib/gcc/arm-none-eabi/10.3.1/thumb/v7e-m+fp/hard/crtbegin.o
LOAD /usr/local/Cellar/arm-none-eabi-gcc/10.3-2021.07/gcc/bin/../lib/gcc/arm-none-eabi/10.3.1/../../../../arm-none-eabi/lib/thumb/v7e-m+fp/hard/crt0.o
START GROUP
LOAD _build/main.o
LOAD _build/better_error_handling.o
LOAD _build/microbit_before_startup.o
LOAD _build/microbit_nrf_log_backend_uart.o
LOAD _build/microbit_retarget.o
LOAD _build/app_error_handler_gcc.o
LOAD _build/app_scheduler.o
LOAD _build/app_timer.o
LOAD _build/app_util_platform.o
LOAD _build/hardfault_handler_gcc.o
LOAD _build/hardfault_implementation.o
LOAD _build/nrf_assert.o
LOAD _build/nrf_atomic.o
LOAD _build/nrf_balloc.o
LOAD _build/nrf_drv_twi.o
LOAD _build/nrf_drv_uart.o
LOAD _build/nrf_fprintf.o
LOAD _build/nrf_fprintf_format.o
LOAD _build/nrf_log_backend_rtt.o
LOAD _build/nrf_log_backend_serial.o
LOAD _build/nrf_log_default_backends.o
LOAD _build/nrf_log_frontend.o
LOAD _build/nrf_log_str_formatter.o
LOAD _build/nrf_pwr_mgmt.o
LOAD _build/nrf_memobj.o
LOAD _build/nrf_ringbuf.o
LOAD _build/nrf_section_iter.o
LOAD _build/nrf_serial.o
LOAD _build/nrf_sdh.o
LOAD _build/nrf_strerror.o
LOAD _build/nrf_queue.o
LOAD _build/nrf_drv_clock.o
LOAD _build/nrf_nvmc.o
LOAD _build/nrfx_gpiote.o
LOAD _build/nrfx_ppi.o
LOAD _build/nrfx_prs.o
LOAD _build/nrfx_saadc.o
LOAD _build/nrfx_timer.o
LOAD _build/nrfx_twi.o
LOAD _build/nrfx_twim.o
LOAD _build/nrfx_clock.o
LOAD _build/nrfx_uart.o
LOAD _build/nrfx_uarte.o
LOAD _build/app_fifo.o
LOAD _build/app_uart_fifo.o
LOAD _build/nrf_twi_mngr.o
LOAD _build/nrfx_pwm.o
LOAD _build/system_nrf52833.o
LOAD _build/app_error_weak.o
LOAD _build/gcc_startup_nrf52833.os
LOAD /usr/local/Cellar/arm-none-eabi-gcc/10.3-2021.07/gcc/bin/../lib/gcc/arm-none-eabi/10.3.1/../../../../arm-none-eabi/lib/thumb/v7e-m+fp/hard/libc.a
LOAD /usr/local/Cellar/arm-none-eabi-gcc/10.3-2021.07/gcc/bin/../lib/gcc/arm-none-eabi/10.3.1/../../../../arm-none-eabi/lib/thumb/v7e-m+fp/hard/libnosys.a
LOAD /usr/local/Cellar/arm-none-eabi-gcc/10.3-2021.07/gcc/bin/../lib/gcc/arm-none-eabi/10.3.1/../../../../arm-none-eabi/lib/thumb/v7e-m+fp/hard/libm.a
LOAD /usr/local/Cellar/arm-none-eabi-gcc/10.3-2021.07/gcc/bin/../lib/gcc/arm-none-eabi/10.3.1/../../../../arm-none-eabi/lib/thumb/v7e-m+fp/hard/libstdc++.a
END GROUP
START GROUP
LOAD /usr/local/Cellar/arm-none-eabi-gcc/10.3-2021.07/gcc/bin/../lib/gcc/arm-none-eabi/10.3.1/thumb/v7e-m+fp/hard/libgcc.a
LOAD /usr/local/Cellar/arm-none-eabi-gcc/10.3-2021.07/gcc/bin/../lib/gcc/arm-none-eabi/10.3.1/../../../../arm-none-eabi/lib/thumb/v7e-m+fp/hard/libc.a
END GROUP
LOAD /usr/local/Cellar/arm-none-eabi-gcc/10.3-2021.07/gcc/bin/../lib/gcc/arm-none-eabi/10.3.1/thumb/v7e-m+fp/hard/crtend.o
LOAD /usr/local/Cellar/arm-none-eabi-gcc/10.3-2021.07/gcc/bin/../lib/gcc/arm-none-eabi/10.3.1/thumb/v7e-m+fp/hard/crtn.o
START GROUP
LOAD /usr/local/Cellar/arm-none-eabi-gcc/10.3-2021.07/gcc/bin/../lib/gcc/arm-none-eabi/10.3.1/thumb/v7e-m+fp/hard/libgcc.a
LOAD /usr/local/Cellar/arm-none-eabi-gcc/10.3-2021.07/gcc/bin/../lib/gcc/arm-none-eabi/10.3.1/../../../../arm-none-eabi/lib/thumb/v7e-m+fp/hard/libc.a
LOAD /usr/local/Cellar/arm-none-eabi-gcc/10.3-2021.07/gcc/bin/../lib/gcc/arm-none-eabi/10.3.1/../../../../arm-none-eabi/lib/thumb/v7e-m+fp/hard/libnosys.a
END GROUP
                0x0000000000001000                FLASH_PAGE_SIZE = 0x1000
                0x0000000000000004                FLASH_DATA_PAGES_USED = 0x4

.igot.plt       0x0000000020000a08        0x0 load address 0x000000000000cad4
 .igot.plt      0x0000000020000a08        0x0 /usr/local/Cellar/arm-none-eabi-gcc/10.3-2021.07/gcc/bin/../lib/gcc/arm-none-eabi/10.3.1/thumb/v7e-m+fp/hard/crtbegin.o
                0x0000000020000a08                . = ALIGN (0x4)

.svc_data       0x0000000020000a08        0x0
                [!provide]                        PROVIDE (__start_svc_data = .)
 *(.svc_data)
                [!provide]                        PROVIDE (__stop_svc_data = .)

.fs_data        0x0000000020000a08        0x0
                [!provide]                        PROVIDE (__start_fs_data = .)
 *(.fs_data)
                [!provide]                        PROVIDE (__stop_fs_data = .)

.log_dynamic_data
                0x0000000020000a08        0x0
                0x0000000020000a08                PROVIDE (__start_log_dynamic_data = .)
 *(SORT_BY_NAME(.log_dynamic_data*))
                [!provide]                        PROVIDE (__stop_log_dynamic_data = .)

.cli_sorted_cmd_ptrs
                0x0000000020000a08        0x0
                [!provide]                        PROVIDE (__start_cli_sorted_cmd_ptrs = .)
 *(.cli_sorted_cmd_ptrs)
                [!provide]                        PROVIDE (__stop_cli_sorted_cmd_ptrs = .)

.bss            0x0000000020000a08      0x8e4 load address 0x000000000000cad4
                0x0000000020000a08                . = ALIGN (0x4)
                0x0000000020000a08                __bss_start__ = .
 *(.bss*)
 .bss           0x0000000020000a08       0x1c /usr/local/Cellar/arm-none-eabi-gcc/10.3-2021.07/gcc/bin/../lib/gcc/arm-none-eabi/10.3.1/thumb/v7e-m+fp/hard/crtbegin.o
 .bss.m_async_mode
                0x0000000020000a24        0x1 _build/microbit_nrf_log_backend_uart.o
 .bss.m_string_buff
                0x0000000020000a25       0x40 _build/microbit_nrf_log_backend_uart.o
 .bss.m_xfer_done
                0x0000000020000a65        0x1 _build/microbit_nrf_log_backend_uart.o
 *fill*         0x0000000020000a66        0x2 
 .bss.m_op_queue
                0x0000000020000a68      0x10c _build/app_timer.o
 .bss.m_rtc1_reset
                0x0000000020000b74        0x1 _build/app_timer.o
 .bss.m_rtc1_running
                0x0000000020000b75        0x1 _build/app_timer.o
 *fill*         0x0000000020000b76        0x2 
 .bss.m_ticks_elapsed
                0x0000000020000b78        0x8 _build/app_timer.o
 .bss.m_ticks_elapsed_q_read_ind
                0x0000000020000b80        0x1 _build/app_timer.o
 .bss.m_ticks_elapsed_q_write_ind
                0x0000000020000b81        0x1 _build/app_timer.o
 *fill*         0x0000000020000b82        0x2 
 .bss.m_ticks_latest
                0x0000000020000b84        0x4 _build/app_timer.o
 .bss.mp_timer_id_head
                0x0000000020000b88        0x4 _build/app_timer.o
 .bss.m_in_critical_region
                0x0000000020000b8c        0x4 _build/app_util_platform.o
 .bss.m_contexts
                0x0000000020000b90        0x8 _build/nrf_drv_uart.o
 .bss.m_handlers
                0x0000000020000b98        0x8 _build/nrf_drv_uart.o
 .bss.nrf_drv_uart_use_easy_dma
                0x0000000020000ba0        0x2 _build/nrf_drv_uart.o
                0x0000000020000ba0                nrf_drv_uart_use_easy_dma
 *fill*         0x0000000020000ba2        0x2 
 .bss.log_mempool_nrf_balloc_cb
                0x0000000020000ba4        0x8 _build/nrf_log_frontend.o
 .bss.log_mempool_nrf_balloc_pool_mem
                0x0000000020000bac       0xc0 _build/nrf_log_frontend.o
 .bss.log_mempool_nrf_balloc_pool_stack
                0x0000000020000c6c        0x8 _build/nrf_log_frontend.o
 .bss.m_log_data
                0x0000000020000c74      0x424 _build/nrf_log_frontend.o
 .bss.m_log_push_ringbuf_buf
                0x0000000020001098       0x80 _build/nrf_log_frontend.o
 .bss.m_log_push_ringbuf_cb
                0x0000000020001118       0x18 _build/nrf_log_frontend.o
 .bss.m_cb      0x0000000020001130       0x68 _build/nrfx_gpiote.o
 .bss.m_prs_box_4
                0x0000000020001198        0x8 _build/nrfx_prs.o
 .bss.m_cb      0x00000000200011a0       0x30 _build/nrfx_saadc.o
 .bss.m_cb      0x00000000200011d0       0x18 _build/nrfx_timer.o
 .bss.m_cb      0x00000000200011e8       0x34 _build/nrfx_twim.o
 .bss.m_clock_cb
                0x000000002000121c        0x8 _build/nrfx_clock.o
 .bss.m_cb      0x0000000020001224       0x2c _build/nrfx_uart.o
 .bss.m_cb      0x0000000020001250       0x48 _build/nrfx_uarte.o
 .bss.m_cb      0x0000000020001298        0x8 _build/nrfx_pwm.o
 .bss.__lock___atexit_recursive_mutex
                0x00000000200012a0        0x1 /usr/local/Cellar/arm-none-eabi-gcc/10.3-2021.07/gcc/bin/../lib/gcc/arm-none-eabi/10.3.1/../../../../arm-none-eabi/lib/thumb/v7e-m+fp/hard/libc.a(lib_a-lock.o)
                0x00000000200012a0                __lock___atexit_recursive_mutex
 *fill*         0x00000000200012a1        0x3 
 .bss.__lock___malloc_recursive_mutex
                0x00000000200012a4        0x1 /usr/local/Cellar/arm-none-eabi-gcc/10.3-2021.07/gcc/bin/../lib/gcc/arm-none-eabi/10.3.1/../../../../arm-none-eabi/lib/thumb/v7e-m+fp/hard/libc.a(lib_a-lock.o)
                0x00000000200012a4                __lock___malloc_recursive_mutex
 *fill*         0x00000000200012a5        0x3 
 .bss.__lock___sfp_recursive_mutex
                0x00000000200012a8        0x1 /usr/local/Cellar/arm-none-eabi-gcc/10.3-2021.07/gcc/bin/../lib/gcc/arm-none-eabi/10.3.1/../../../../arm-none-eabi/lib/thumb/v7e-m+fp/hard/libc.a(lib_a-lock.o)
                0x00000000200012a8                __lock___sfp_recursive_mutex
 *fill*         0x00000000200012a9        0x3 
 .bss.__lock___sinit_recursive_mutex
                0x00000000200012ac        0x1 /usr/local/Cellar/arm-none-eabi-gcc/10.3-2021.07/gcc/bin/../lib/gcc/arm-none-eabi/10.3.1/../../../../arm-none-eabi/lib/thumb/v7e-m+fp/hard/libc.a(lib_a-lock.o)
                0x00000000200012ac                __lock___sinit_recursive_mutex
 *fill*         0x00000000200012ad        0x3 
 .bss.__malloc_current_mallinfo
                0x00000000200012b0       0x28 /usr/local/Cellar/arm-none-eabi-gcc/10.3-2021.07/gcc/bin/../lib/gcc/arm-none-eabi/10.3.1/../../../../arm-none-eabi/lib/thumb/v7e-m+fp/hard/libc.a(lib_a-mallocr.o)
                0x00000000200012b0                __malloc_current_mallinfo
 .bss.__malloc_max_sbrked_mem
                0x00000000200012d8        0x4 /usr/local/Cellar/arm-none-eabi-gcc/10.3-2021.07/gcc/bin/../lib/gcc/arm-none-eabi/10.3.1/../../../../arm-none-eabi/lib/thumb/v7e-m+fp/hard/libc.a(lib_a-mallocr.o)
                0x00000000200012d8                __malloc_max_sbrked_mem
 .bss.__malloc_max_total_mem
                0x00000000200012dc        0x4 /usr/local/Cellar/arm-none-eabi-gcc/10.3-2021.07/gcc/bin/../lib/gcc/arm-none-eabi/10.3.1/../../../../arm-none-eabi/lib/thumb/v7e-m+fp/hard/libc.a(lib_a-mallocr.o)
                0x00000000200012dc                __malloc_max_total_mem
 .bss.__malloc_top_pad
                0x00000000200012e0        0x4 /usr/local/Cellar/arm-none-eabi-gcc/10.3-2021.07/gcc/bin/../lib/gcc/arm-none-eabi/10.3.1/../../../../arm-none-eabi/lib/thumb/v7e-m+fp/hard/libc.a(lib_a-mallocr.o)
                0x00000000200012e0                __malloc_top_pad
 .bss.errno     0x00000000200012e4        0x4 /usr/local/Cellar/arm-none-eabi-gcc/10.3-2021.07/gcc/bin/../lib/gcc/arm-none-eabi/10.3.1/../../../../arm-none-eabi/lib/thumb/v7e-m+fp/hard/libc.a(lib_a-reent.o)
                0x00000000200012e4                errno
 .bss.heap_end.0
                0x00000000200012e8        0x4 /usr/local/Cellar/arm-none-eabi-gcc/10.3-2021.07/gcc/bin/../lib/gcc/arm-none-eabi/10.3.1/../../../../arm-none-eabi/lib/thumb/v7e-m+fp/hard/libnosys.a(sbrk.o)
 *(COMMON)
                0x00000000200012ec                . = ALIGN (0x4)
                0x00000000200012ec                __bss_end__ = .

.heap           0x00000000200012f0     0x2000
                0x00000000200012f0                __HeapBase = .
                0x00000000200012f0                __end__ = .
                0x00000000200012f0                PROVIDE (end = .)
 *(.heap*)
 .heap          0x00000000200012f0     0x2000 _build/gcc_startup_nrf52833.os
                0x00000000200032f0                __HeapLimit = .

.stack_dummy    0x00000000200012f0     0x2000
 *(.stack*)
 .stack         0x00000000200012f0     0x2000 _build/gcc_startup_nrf52833.os
                0x0000000020020000                __StackTop = (ORIGIN (RAM) + LENGTH (RAM))
                0x000000002001e000                __StackLimit = (__StackTop - SIZEOF (.stack_dummy))
                0x0000000020020000                PROVIDE (__stack = __StackTop)
                0x0000000000000001                ASSERT ((__StackLimit >= __HeapLimit), region RAM overflowed with stack)
                0x0000000000000a08                DataInitFlashUsed = (__bss_start__ - __data_start__)
                0x000000000000c0cc                CodeFlashUsed = (__etext - ORIGIN (FLASH))
                0x000000000000cad4                TotalFlashUsed = (CodeFlashUsed + DataInitFlashUsed)
                0x0000000000000001                ASSERT ((TotalFlashUsed <= LENGTH (FLASH)), region FLASH overflowed with .data and user data)
OUTPUT(_build/breadboard_sdk16_blank.elf elf32-littlearm)
LOAD linker stubs

.ARM.attributes
                0x0000000000000000       0x30
 .ARM.attributes
                0x0000000000000000       0x1e /usr/local/Cellar/arm-none-eabi-gcc/10.3-2021.07/gcc/bin/../lib/gcc/arm-none-eabi/10.3.1/thumb/v7e-m+fp/hard/crti.o
 .ARM.attributes
                0x000000000000001e       0x34 /usr/local/Cellar/arm-none-eabi-gcc/10.3-2021.07/gcc/bin/../lib/gcc/arm-none-eabi/10.3.1/thumb/v7e-m+fp/hard/crtbegin.o
 .ARM.attributes
                0x0000000000000052       0x1c /usr/local/Cellar/arm-none-eabi-gcc/10.3-2021.07/gcc/bin/../lib/gcc/arm-none-eabi/10.3.1/../../../../arm-none-eabi/lib/thumb/v7e-m+fp/hard/crt0.o
 .ARM.attributes
                0x000000000000006e       0x34 _build/main.o
 .ARM.attributes
                0x00000000000000a2       0x34 _build/better_error_handling.o
 .ARM.attributes
                0x00000000000000d6       0x34 _build/microbit_before_startup.o
 .ARM.attributes
                0x000000000000010a       0x34 _build/microbit_nrf_log_backend_uart.o
 .ARM.attributes
                0x000000000000013e       0x34 _build/microbit_retarget.o
 .ARM.attributes
                0x0000000000000172       0x34 _build/app_error_handler_gcc.o
 .ARM.attributes
                0x00000000000001a6       0x34 _build/app_timer.o
 .ARM.attributes
                0x00000000000001da       0x34 _build/app_util_platform.o
 .ARM.attributes
                0x000000000000020e       0x34 _build/hardfault_handler_gcc.o
 .ARM.attributes
                0x0000000000000242       0x34 _build/hardfault_implementation.o
 .ARM.attributes
                0x0000000000000276       0x34 _build/nrf_assert.o
 .ARM.attributes
                0x00000000000002aa       0x34 _build/nrf_atomic.o
 .ARM.attributes
                0x00000000000002de       0x34 _build/nrf_balloc.o
 .ARM.attributes
                0x0000000000000312       0x34 _build/nrf_drv_uart.o
 .ARM.attributes
                0x0000000000000346       0x34 _build/nrf_fprintf.o
 .ARM.attributes
                0x000000000000037a       0x34 _build/nrf_fprintf_format.o
 .ARM.attributes
                0x00000000000003ae       0x34 _build/nrf_log_backend_serial.o
 .ARM.attributes
                0x00000000000003e2       0x34 _build/nrf_log_default_backends.o
 .ARM.attributes
                0x0000000000000416       0x34 _build/nrf_log_frontend.o
 .ARM.attributes
                0x000000000000044a       0x34 _build/nrf_log_str_formatter.o
 .ARM.attributes
                0x000000000000047e       0x34 _build/nrf_pwr_mgmt.o
 .ARM.attributes
                0x00000000000004b2       0x34 _build/nrf_memobj.o
 .ARM.attributes
                0x00000000000004e6       0x34 _build/nrf_ringbuf.o
 .ARM.attributes
                0x000000000000051a       0x34 _build/nrf_strerror.o
 .ARM.attributes
                0x000000000000054e       0x34 _build/nrf_drv_clock.o
 .ARM.attributes
                0x0000000000000582       0x34 _build/nrfx_gpiote.o
 .ARM.attributes
                0x00000000000005b6       0x34 _build/nrfx_prs.o
 .ARM.attributes
                0x00000000000005ea       0x34 _build/nrfx_saadc.o
 .ARM.attributes
                0x000000000000061e       0x34 _build/nrfx_timer.o
 .ARM.attributes
                0x0000000000000652       0x34 _build/nrfx_twim.o
 .ARM.attributes
                0x0000000000000686       0x34 _build/nrfx_clock.o
 .ARM.attributes